Apache Maven 3.9.12 (848fbb4bf2d427b72bdb2471c22fced7ebd9a7a1)
Maven home: D:\OpenSoftware\Maven\apache-maven-3.9.12
Java version: 17.0.12, vendor: Oracle Corporation, runtime: D:\Program Files\Java\jdk-17\jdk-17.0.12
Default locale: zh_CN, platform encoding: UTF-8
OS name: "windows 11", version: "10.0", arch: "amd64", family: "windows"
[DEBUG] Created new class realm maven.api
[DEBUG] Importing foreign packages into class realm maven.api
[DEBUG]   Imported: javax.annotation.* < plexus.core
[DEBUG]   Imported: javax.annotation.security.* < plexus.core
[DEBUG]   Imported: javax.inject.* < plexus.core
[DEBUG]   Imported: org.apache.maven.* < plexus.core
[DEBUG]   Imported: org.apache.maven.artifact < plexus.core
[DEBUG]   Imported: org.apache.maven.classrealm < plexus.core
[DEBUG]   Imported: org.apache.maven.cli < plexus.core
[DEBUG]   Imported: org.apache.maven.configuration < plexus.core
[DEBUG]   Imported: org.apache.maven.exception < plexus.core
[DEBUG]   Imported: org.apache.maven.execution < plexus.core
[DEBUG]   Imported: org.apache.maven.execution.scope < plexus.core
[DEBUG]   Imported: org.apache.maven.graph < plexus.core
[DEBUG]   Imported: org.apache.maven.lifecycle < plexus.core
[DEBUG]   Imported: org.apache.maven.model < plexus.core
[DEBUG]   Imported: org.apache.maven.monitor < plexus.core
[DEBUG]   Imported: org.apache.maven.plugin < plexus.core
[DEBUG]   Imported: org.apache.maven.profiles < plexus.core
[DEBUG]   Imported: org.apache.maven.project < plexus.core
[DEBUG]   Imported: org.apache.maven.reporting < plexus.core
[DEBUG]   Imported: org.apache.maven.repository < plexus.core
[DEBUG]   Imported: org.apache.maven.rtinfo < plexus.core
[DEBUG]   Imported: org.apache.maven.settings < plexus.core
[DEBUG]   Imported: org.apache.maven.toolchain < plexus.core
[DEBUG]   Imported: org.apache.maven.usability < plexus.core
[DEBUG]   Imported: org.apache.maven.wagon.* < plexus.core
[DEBUG]   Imported: org.apache.maven.wagon.authentication < plexus.core
[DEBUG]   Imported: org.apache.maven.wagon.authorization < plexus.core
[DEBUG]   Imported: org.apache.maven.wagon.events < plexus.core
[DEBUG]   Imported: org.apache.maven.wagon.observers < plexus.core
[DEBUG]   Imported: org.apache.maven.wagon.proxy < plexus.core
[DEBUG]   Imported: org.apache.maven.wagon.repository < plexus.core
[DEBUG]   Imported: org.apache.maven.wagon.resource < plexus.core
[DEBUG]   Imported: org.codehaus.classworlds < plexus.core
[DEBUG]   Imported: org.codehaus.plexus.* < plexus.core
[DEBUG]   Imported: org.codehaus.plexus.classworlds < plexus.core
[DEBUG]   Imported: org.codehaus.plexus.component < plexus.core
[DEBUG]   Imported: org.codehaus.plexus.configuration < plexus.core
[DEBUG]   Imported: org.codehaus.plexus.container < plexus.core
[DEBUG]   Imported: org.codehaus.plexus.context < plexus.core
[DEBUG]   Imported: org.codehaus.plexus.lifecycle < plexus.core
[DEBUG]   Imported: org.codehaus.plexus.logging < plexus.core
[DEBUG]   Imported: org.codehaus.plexus.personality < plexus.core
[DEBUG]   Imported: org.codehaus.plexus.util.xml.Xpp3Dom < plexus.core
[DEBUG]   Imported: org.codehaus.plexus.util.xml.pull.XmlPullParser < plexus.core
[DEBUG]   Imported: org.codehaus.plexus.util.xml.pull.XmlPullParserException < plexus.core
[DEBUG]   Imported: org.codehaus.plexus.util.xml.pull.XmlSerializer < plexus.core
[DEBUG]   Imported: org.eclipse.aether.* < plexus.core
[DEBUG]   Imported: org.eclipse.aether.artifact < plexus.core
[DEBUG]   Imported: org.eclipse.aether.collection < plexus.core
[DEBUG]   Imported: org.eclipse.aether.deployment < plexus.core
[DEBUG]   Imported: org.eclipse.aether.graph < plexus.core
[DEBUG]   Imported: org.eclipse.aether.impl < plexus.core
[DEBUG]   Imported: org.eclipse.aether.installation < plexus.core
[DEBUG]   Imported: org.eclipse.aether.internal.impl < plexus.core
[DEBUG]   Imported: org.eclipse.aether.metadata < plexus.core
[DEBUG]   Imported: org.eclipse.aether.repository < plexus.core
[DEBUG]   Imported: org.eclipse.aether.resolution < plexus.core
[DEBUG]   Imported: org.eclipse.aether.spi < plexus.core
[DEBUG]   Imported: org.eclipse.aether.transfer < plexus.core
[DEBUG]   Imported: org.eclipse.aether.util < plexus.core
[DEBUG]   Imported: org.eclipse.aether.version < plexus.core
[DEBUG]   Imported: org.fusesource.jansi.* < plexus.core
[DEBUG]   Imported: org.slf4j.* < plexus.core
[DEBUG]   Imported: org.slf4j.event.* < plexus.core
[DEBUG]   Imported: org.slf4j.helpers.* < plexus.core
[DEBUG]   Imported: org.slf4j.spi.* < plexus.core
[DEBUG] Populating class realm maven.api
[DEBUG] Created adapter factory; available factories [file-lock, rwlock-local, semaphore-local, noop]; available name mappers [discriminating, file-gaecv, file-gav, file-hgaecv, file-hgav, file-static, gaecv, gav, static]
[INFO] Error stacktraces are turned on.
[DEBUG] Message scheme: color
[DEBUG] Message styles: debug info warning error success failure strong mojo project
[DEBUG] Reading global settings from D:\OpenSoftware\Maven\apache-maven-3.9.12\conf\settings.xml
[DEBUG] Reading user settings from C:\Users\work\.m2\settings.xml
[DEBUG] Reading global toolchains from D:\OpenSoftware\Maven\apache-maven-3.9.12\conf\toolchains.xml
[DEBUG] Reading user toolchains from C:\Users\work\.m2\toolchains.xml
[DEBUG] Using local repository at C:\Users\work\.m2\repository
[DEBUG] Using manager EnhancedLocalRepositoryManager with priority 10.0 for C:\Users\work\.m2\repository
[INFO] Scanning for projects...
[DEBUG] Creating adapter using nameMapper 'gaecv' and factory 'rwlock-local'
[DEBUG] Extension realms for project com.bmad.edge:bmad-edge-gateway:jar:0.0.1-SNAPSHOT: (none)
[DEBUG] Looking up lifecycle mappings for packaging jar from ClassRealm[plexus.core, parent: null]
[DEBUG] Extension realms for project org.springframework.boot:spring-boot-starter-parent:pom:3.2.10: (none)
[DEBUG] Looking up lifecycle mappings for packaging pom from ClassRealm[plexus.core, parent: null]
[DEBUG] Extension realms for project org.springframework.boot:spring-boot-dependencies:pom:3.2.10: (none)
[DEBUG] Looking up lifecycle mappings for packaging pom from ClassRealm[plexus.core, parent: null]
[WARNING] 
[WARNING] Some problems were encountered while building the effective model for com.bmad.edge:bmad-edge-gateway:jar:0.0.1-SNAPSHOT
[WARNING] 'dependencies.dependency.(groupId:artifactId:type:classifier)' must be unique: org.springframework.boot:spring-boot-starter-data-redis:jar -> duplicate declaration of version (?) @ line 66, column 21
[WARNING] 
[WARNING] It is highly recommended to fix these problems because they threaten the stability of your build.
[WARNING] 
[WARNING] For this reason, future Maven versions might no longer support building such malformed projects.
[WARNING] 
[DEBUG] === REACTOR BUILD PLAN ================================================
[DEBUG] Project: com.bmad.edge:bmad-edge-gateway:jar:0.0.1-SNAPSHOT
[DEBUG] Tasks:   [compile]
[DEBUG] Style:   Regular
[DEBUG] =======================================================================
[INFO] 
[INFO] ------------------< com.bmad.edge:bmad-edge-gateway >-------------------
[INFO] Building bmad-edge-gateway 0.0.1-SNAPSHOT
[INFO]   from pom.xml
[INFO] --------------------------------[ jar ]---------------------------------
[DEBUG] Lifecycle clean -> [pre-clean, clean, post-clean]
[DEBUG] Lifecycle default -> [validate, initialize, generate-sources, process-sources, generate-resources, process-resources, compile, process-classes, generate-test-sources, process-test-sources, generate-test-resources, process-test-resources, test-compile, process-test-classes, test, prepare-package, package, pre-integration-test, integration-test, post-integration-test, verify, install, deploy]
[DEBUG] Lifecycle site -> [pre-site, site, post-site, site-deploy]
[DEBUG] Lifecycle clean -> [pre-clean, clean, post-clean]
[DEBUG] Lifecycle default -> [validate, initialize, generate-sources, process-sources, generate-resources, process-resources, compile, process-classes, generate-test-sources, process-test-sources, generate-test-resources, process-test-resources, test-compile, process-test-classes, test, prepare-package, package, pre-integration-test, integration-test, post-integration-test, verify, install, deploy]
[DEBUG] Lifecycle site -> [pre-site, site, post-site, site-deploy]
[DEBUG] Lifecycle clean -> [pre-clean, clean, post-clean]
[DEBUG] Lifecycle default -> [validate, initialize, generate-sources, process-sources, generate-resources, process-resources, compile, process-classes, generate-test-sources, process-test-sources, generate-test-resources, process-test-resources, test-compile, process-test-classes, test, prepare-package, package, pre-integration-test, integration-test, post-integration-test, verify, install, deploy]
[DEBUG] Lifecycle site -> [pre-site, site, post-site, site-deploy]
[DEBUG] === PROJECT BUILD PLAN ================================================
[DEBUG] Project:       com.bmad.edge:bmad-edge-gateway:0.0.1-SNAPSHOT
[DEBUG] Dependencies (collect): []
[DEBUG] Dependencies (resolve): [compile]
[DEBUG] Repositories (dependencies): [central (https://repo.maven.apache.org/maven2, default, releases)]
[DEBUG] Repositories (plugins)     : [central (https://repo.maven.apache.org/maven2, default, releases)]
[DEBUG] -----------------------------------------------------------------------
[DEBUG] Goal:          org.apache.maven.plugins:maven-resources-plugin:3.3.1:resources (default-resources)
[DEBUG] Style:         Regular
[DEBUG] Configuration: <?xml version="1.0" encoding="UTF-8"?>
<configuration>
  <addDefaultExcludes default-value="true"/>
  <buildFilters default-value="${project.build.filters}"/>
  <delimiters>
    <delimiter>@</delimiter>
  </delimiters>
  <encoding default-value="${project.build.sourceEncoding}"/>
  <escapeWindowsPaths default-value="true"/>
  <fileNameFiltering default-value="false"/>
  <includeEmptyDirs default-value="false"/>
  <outputDirectory default-value="${project.build.outputDirectory}"/>
  <overwrite default-value="false"/>
  <project default-value="${project}"/>
  <propertiesEncoding>UTF-8</propertiesEncoding>
  <resources default-value="${project.resources}"/>
  <session default-value="${session}"/>
  <skip default-value="false">${maven.resources.skip}</skip>
  <supportMultiLineFiltering default-value="false"/>
  <useBuildFilters default-value="true"/>
  <useDefaultDelimiters default-value="true">false</useDefaultDelimiters>
</configuration>
[DEBUG] -----------------------------------------------------------------------
[DEBUG] Goal:          org.apache.maven.plugins:maven-compiler-plugin:3.11.0:compile (default-compile)
[DEBUG] Style:         Regular
[DEBUG] Configuration: <?xml version="1.0" encoding="UTF-8"?>
<configuration>
  <basedir default-value="${basedir}"/>
  <buildDirectory default-value="${project.build.directory}"/>
  <compilePath default-value="${project.compileClasspathElements}"/>
  <compileSourceRoots default-value="${project.compileSourceRoots}"/>
  <compilerId default-value="javac">${maven.compiler.compilerId}</compilerId>
  <compilerReuseStrategy default-value="${reuseCreated}">${maven.compiler.compilerReuseStrategy}</compilerReuseStrategy>
  <compilerVersion>${maven.compiler.compilerVersion}</compilerVersion>
  <createMissingPackageInfoClass default-value="true">${maven.compiler.createMissingPackageInfoClass}</createMissingPackageInfoClass>
  <debug default-value="true">${maven.compiler.debug}</debug>
  <debugFileName default-value="javac"/>
  <debuglevel>${maven.compiler.debuglevel}</debuglevel>
  <enablePreview default-value="false">${maven.compiler.enablePreview}</enablePreview>
  <encoding default-value="${project.build.sourceEncoding}">${encoding}</encoding>
  <executable>${maven.compiler.executable}</executable>
  <failOnError default-value="true">${maven.compiler.failOnError}</failOnError>
  <failOnWarning default-value="false">${maven.compiler.failOnWarning}</failOnWarning>
  <forceJavacCompilerUse default-value="false">${maven.compiler.forceJavacCompilerUse}</forceJavacCompilerUse>
  <fork default-value="false">${maven.compiler.fork}</fork>
  <generatedSourcesDirectory default-value="${project.build.directory}/generated-sources/annotations"/>
  <implicit>${maven.compiler.implicit}</implicit>
  <maxmem>${maven.compiler.maxmem}</maxmem>
  <meminitial>${maven.compiler.meminitial}</meminitial>
  <mojoExecution default-value="${mojoExecution}"/>
  <optimize default-value="false">${maven.compiler.optimize}</optimize>
  <outputDirectory default-value="${project.build.outputDirectory}"/>
  <parameters default-value="false">true</parameters>
  <project default-value="${project}"/>
  <projectArtifact default-value="${project.artifact}"/>
  <release>${maven.compiler.release}</release>
  <session default-value="${session}"/>
  <showCompilationChanges default-value="false">${maven.compiler.showCompilationChanges}</showCompilationChanges>
  <showDeprecation default-value="false">${maven.compiler.showDeprecation}</showDeprecation>
  <showWarnings default-value="true">${maven.compiler.showWarnings}</showWarnings>
  <skipMain>${maven.main.skip}</skipMain>
  <skipMultiThreadWarning default-value="false">${maven.compiler.skipMultiThreadWarning}</skipMultiThreadWarning>
  <source default-value="1.8">${maven.compiler.source}</source>
  <staleMillis default-value="0">${lastModGranularityMs}</staleMillis>
  <target default-value="1.8">${maven.compiler.target}</target>
  <useIncrementalCompilation default-value="true">${maven.compiler.useIncrementalCompilation}</useIncrementalCompilation>
  <verbose default-value="false">${maven.compiler.verbose}</verbose>
</configuration>
[DEBUG] =======================================================================
[DEBUG] Using mirror maven-default-http-blocker (http://0.0.0.0/) for vaadin-snapshots (http://oss.sonatype.org/content/repositories/vaadin-snapshots/).
[DEBUG] Using mirror maven-default-http-blocker (http://0.0.0.0/) for vaadin-releases (http://oss.sonatype.org/content/repositories/vaadin-releases/).
[DEBUG] Dependency collection stats {ConflictMarker.analyzeTime=5720900, ConflictMarker.markTime=763600, ConflictMarker.nodeCount=291, ConflictIdSorter.graphTime=4063400, ConflictIdSorter.topsortTime=3766500, ConflictIdSorter.conflictIdCount=120, ConflictIdSorter.conflictIdCycleCount=0, ConflictResolver.totalTime=26204600, ConflictResolver.conflictItemCount=256, DfDependencyCollector.collectTime=1135004200, DfDependencyCollector.transformTime=51699800}
[DEBUG] com.bmad.edge:bmad-edge-gateway:jar:0.0.1-SNAPSHOT
[DEBUG]    org.springframework.boot:spring-boot-starter-web:jar:3.2.10:compile
[DEBUG]       org.springframework.boot:spring-boot-starter:jar:3.2.10:compile (version managed from 3.2.10)
[DEBUG]          org.springframework.boot:spring-boot:jar:3.2.10:compile (version managed from 3.2.10)
[DEBUG]          org.springframework.boot:spring-boot-starter-logging:jar:3.2.10:compile (version managed from 3.2.10)
[DEBUG]             ch.qos.logback:logback-classic:jar:1.4.14:compile (version managed from 1.4.14)
[DEBUG]                ch.qos.logback:logback-core:jar:1.4.14:compile (version managed from 1.4.14)
[DEBUG]             org.apache.logging.log4j:log4j-to-slf4j:jar:2.21.1:compile (version managed from 2.21.1)
[DEBUG]                org.apache.logging.log4j:log4j-api:jar:2.21.1:compile (version managed from 2.21.1)
[DEBUG]             org.slf4j:jul-to-slf4j:jar:2.0.16:compile (version managed from 2.0.16)
[DEBUG]          jakarta.annotation:jakarta.annotation-api:jar:2.1.1:compile (version managed from 2.1.1)
[DEBUG]          org.yaml:snakeyaml:jar:2.2:compile (version managed from 2.2)
[DEBUG]       org.springframework.boot:spring-boot-starter-json:jar:3.2.10:compile (version managed from 3.2.10)
[DEBUG]          com.fasterxml.jackson.datatype:jackson-datatype-jdk8:jar:2.15.4:compile (version managed from 2.15.4)
[DEBUG]          com.fasterxml.jackson.datatype:jackson-datatype-jsr310:jar:2.15.4:compile (version managed from 2.15.4)
[DEBUG]          com.fasterxml.jackson.module:jackson-module-parameter-names:jar:2.15.4:compile (version managed from 2.15.4)
[DEBUG]       org.springframework.boot:spring-boot-starter-tomcat:jar:3.2.10:compile (version managed from 3.2.10)
[DEBUG]          org.apache.tomcat.embed:tomcat-embed-core:jar:10.1.30:compile (version managed from 10.1.30)
[DEBUG]          org.apache.tomcat.embed:tomcat-embed-el:jar:10.1.30:compile (version managed from 10.1.30)
[DEBUG]          org.apache.tomcat.embed:tomcat-embed-websocket:jar:10.1.30:compile (version managed from 10.1.30)
[DEBUG]       org.springframework:spring-web:jar:6.1.13:compile (version managed from 6.1.13)
[DEBUG]          org.springframework:spring-beans:jar:6.1.13:compile (version managed from 6.1.13)
[DEBUG]       org.springframework:spring-webmvc:jar:6.1.13:compile (version managed from 6.1.13)
[DEBUG]          org.springframework:spring-context:jar:6.1.13:compile (version managed from 6.1.13)
[DEBUG]          org.springframework:spring-expression:jar:6.1.13:compile (version managed from 6.1.13)
[DEBUG]    org.springframework.boot:spring-boot-starter-actuator:jar:3.2.10:compile
[DEBUG]       org.springframework.boot:spring-boot-actuator-autoconfigure:jar:3.2.10:compile (version managed from 3.2.10)
[DEBUG]          org.springframework.boot:spring-boot-actuator:jar:3.2.10:compile (version managed from 3.2.10)
[DEBUG]       io.micrometer:micrometer-observation:jar:1.12.10:compile (version managed from 1.12.10)
[DEBUG]          io.micrometer:micrometer-commons:jar:1.12.10:compile (version managed from 1.12.10)
[DEBUG]       io.micrometer:micrometer-jakarta9:jar:1.12.10:compile (version managed from 1.12.10)
[DEBUG]          io.micrometer:micrometer-core:jar:1.12.10:compile (version managed from 1.12.10)
[DEBUG]             org.hdrhistogram:HdrHistogram:jar:2.1.12:runtime
[DEBUG]             org.latencyutils:LatencyUtils:jar:2.0.3:runtime
[DEBUG]    org.springframework.boot:spring-boot-starter-security:jar:3.2.10:compile
[DEBUG]       org.springframework:spring-aop:jar:6.1.13:compile (version managed from 6.1.13)
[DEBUG]       org.springframework.security:spring-security-config:jar:6.2.6:compile (version managed from 6.2.6)
[DEBUG]          org.springframework.security:spring-security-core:jar:6.2.6:compile (version managed from 6.2.6)
[DEBUG]             org.springframework.security:spring-security-crypto:jar:6.2.6:compile (version managed from 6.2.6)
[DEBUG]       org.springframework.security:spring-security-web:jar:6.2.6:compile (version managed from 6.2.6)
[DEBUG]    org.springframework.boot:spring-boot-starter-data-redis:jar:3.2.10:compile
[DEBUG]       io.lettuce:lettuce-core:jar:6.3.2.RELEASE:compile (version managed from 6.3.2.RELEASE)
[DEBUG]          io.netty:netty-common:jar:4.1.113.Final:compile (version managed from 4.1.107.Final)
[DEBUG]          io.netty:netty-handler:jar:4.1.113.Final:compile (version managed from 4.1.107.Final)
[DEBUG]             io.netty:netty-resolver:jar:4.1.113.Final:compile (version managed from 4.1.113.Final)
[DEBUG]             io.netty:netty-buffer:jar:4.1.113.Final:compile (version managed from 4.1.113.Final)
[DEBUG]             io.netty:netty-transport-native-unix-common:jar:4.1.113.Final:compile (version managed from 4.1.113.Final)
[DEBUG]             io.netty:netty-codec:jar:4.1.113.Final:compile (version managed from 4.1.113.Final)
[DEBUG]          io.netty:netty-transport:jar:4.1.113.Final:compile (version managed from 4.1.107.Final)
[DEBUG]          io.projectreactor:reactor-core:jar:3.6.10:compile (version managed from 3.6.4)
[DEBUG]             org.reactivestreams:reactive-streams:jar:1.0.4:compile (version managed from 1.0.4)
[DEBUG]       org.springframework.data:spring-data-redis:jar:3.2.10:compile (version managed from 3.2.10)
[DEBUG]          org.springframework.data:spring-data-keyvalue:jar:3.2.10:compile (version managed from 3.2.10)
[DEBUG]             org.springframework.data:spring-data-commons:jar:3.2.10:compile (version managed from 3.2.10)
[DEBUG]          org.springframework:spring-tx:jar:6.1.13:compile (version managed from 6.1.12)
[DEBUG]          org.springframework:spring-oxm:jar:6.1.13:compile (version managed from 6.1.12)
[DEBUG]          org.springframework:spring-context-support:jar:6.1.13:compile (version managed from 6.1.12)
[DEBUG]          org.slf4j:slf4j-api:jar:2.0.16:compile (version managed from 2.0.2)
[DEBUG]    com.baomidou:mybatis-plus-spring-boot3-starter:jar:3.5.5:compile
[DEBUG]       com.baomidou:mybatis-plus:jar:3.5.5:compile
[DEBUG]          com.baomidou:mybatis-plus-core:jar:3.5.5:compile
[DEBUG]          com.baomidou:mybatis-plus-annotation:jar:3.5.5:compile
[DEBUG]          com.baomidou:mybatis-plus-extension:jar:3.5.5:compile
[DEBUG]          org.mybatis:mybatis:jar:3.5.15:compile
[DEBUG]          com.github.jsqlparser:jsqlparser:jar:4.6:compile
[DEBUG]       org.mybatis:mybatis-spring:jar:3.0.3:compile
[DEBUG]       com.baomidou:mybatis-plus-spring-boot-autoconfigure:jar:3.5.5:compile
[DEBUG]       org.springframework.boot:spring-boot-autoconfigure:jar:3.2.10:compile (version managed from 3.2.0)
[DEBUG]       org.springframework.boot:spring-boot-starter-jdbc:jar:3.2.10:compile (version managed from 3.2.0)
[DEBUG]          com.zaxxer:HikariCP:jar:5.0.1:compile (version managed from 5.0.1)
[DEBUG]          org.springframework:spring-jdbc:jar:6.1.13:compile (version managed from 6.1.13)
[DEBUG]    com.mysql:mysql-connector-j:jar:8.3.0:runtime (exclusions managed from [com.google.protobuf:protobuf-java:*:*])
[DEBUG]    com.h2database:h2:jar:2.2.224:runtime
[DEBUG]    org.projectlombok:lombok:jar:1.18.34:compile (optional)
[DEBUG]    org.springframework.boot:spring-boot-starter-test:jar:3.2.10:test
[DEBUG]       org.springframework.boot:spring-boot-test:jar:3.2.10:test (version managed from 3.2.10)
[DEBUG]       org.springframework.boot:spring-boot-test-autoconfigure:jar:3.2.10:test (version managed from 3.2.10)
[DEBUG]       com.jayway.jsonpath:json-path:jar:2.9.0:test (version managed from 2.9.0)
[DEBUG]       jakarta.xml.bind:jakarta.xml.bind-api:jar:4.0.2:compile (version managed from 4.0.2)
[DEBUG]          jakarta.activation:jakarta.activation-api:jar:2.1.3:compile (version managed from 2.1.3)
[DEBUG]       net.minidev:json-smart:jar:2.5.1:test (version managed from 2.5.1)
[DEBUG]          net.minidev:accessors-smart:jar:2.5.1:test
[DEBUG]             org.ow2.asm:asm:jar:9.6:test
[DEBUG]       org.assertj:assertj-core:jar:3.24.2:test (version managed from 3.24.2)
[DEBUG]          net.bytebuddy:byte-buddy:jar:1.14.19:test (version managed from 1.12.21)
[DEBUG]       org.awaitility:awaitility:jar:4.2.2:test (version managed from 4.2.2)
[DEBUG]       org.hamcrest:hamcrest:jar:2.2:test (version managed from 2.2)
[DEBUG]       org.junit.jupiter:junit-jupiter:jar:5.10.3:test (version managed from 5.10.3)
[DEBUG]          org.junit.jupiter:junit-jupiter-api:jar:5.10.3:test (version managed from 5.10.3)
[DEBUG]             org.opentest4j:opentest4j:jar:1.3.0:test
[DEBUG]             org.junit.platform:junit-platform-commons:jar:1.10.3:test (version managed from 1.10.3)
[DEBUG]             org.apiguardian:apiguardian-api:jar:1.1.2:test
[DEBUG]          org.junit.jupiter:junit-jupiter-params:jar:5.10.3:test (version managed from 5.10.3)
[DEBUG]          org.junit.jupiter:junit-jupiter-engine:jar:5.10.3:test (version managed from 5.10.3)
[DEBUG]             org.junit.platform:junit-platform-engine:jar:1.10.3:test (version managed from 1.10.3)
[DEBUG]       org.mockito:mockito-core:jar:5.7.0:test (version managed from 5.7.0)
[DEBUG]          net.bytebuddy:byte-buddy-agent:jar:1.14.19:test (version managed from 1.14.9)
[DEBUG]          org.objenesis:objenesis:jar:3.3:test
[DEBUG]       org.mockito:mockito-junit-jupiter:jar:5.7.0:test (version managed from 5.7.0)
[DEBUG]       org.skyscreamer:jsonassert:jar:1.5.3:test (version managed from 1.5.3)
[DEBUG]          com.vaadin.external.google:android-json:jar:0.0.20131108.vaadin1:test
[DEBUG]       org.springframework:spring-core:jar:6.1.13:compile (version managed from 6.1.13)
[DEBUG]          org.springframework:spring-jcl:jar:6.1.13:compile (version managed from 6.1.13)
[DEBUG]       org.springframework:spring-test:jar:6.1.13:test (version managed from 6.1.13)
[DEBUG]       org.xmlunit:xmlunit-core:jar:2.9.1:test (version managed from 2.9.1)
[DEBUG]    org.springdoc:springdoc-openapi-starter-webmvc-ui:jar:2.3.0:compile
[DEBUG]       org.springdoc:springdoc-openapi-starter-webmvc-api:jar:2.3.0:compile
[DEBUG]          org.springdoc:springdoc-openapi-starter-common:jar:2.3.0:compile
[DEBUG]             io.swagger.core.v3:swagger-core-jakarta:jar:2.2.19:compile
[DEBUG]                org.apache.commons:commons-lang3:jar:3.13.0:compile (version managed from 3.13.0)
[DEBUG]                io.swagger.core.v3:swagger-annotations-jakarta:jar:2.2.19:compile
[DEBUG]                io.swagger.core.v3:swagger-models-jakarta:jar:2.2.19:compile
[DEBUG]                jakarta.validation:jakarta.validation-api:jar:3.0.2:compile (version managed from 3.0.2)
[DEBUG]                com.fasterxml.jackson.dataformat:jackson-dataformat-yaml:jar:2.15.4:compile (version managed from 2.15.2)
[DEBUG]       org.webjars:swagger-ui:jar:5.10.3:compile
[DEBUG]    io.jsonwebtoken:jjwt-api:jar:0.12.5:compile
[DEBUG]    io.jsonwebtoken:jjwt-impl:jar:0.12.5:runtime
[DEBUG]    io.jsonwebtoken:jjwt-jackson:jar:0.12.5:runtime
[DEBUG]       com.fasterxml.jackson.core:jackson-databind:jar:2.15.4:compile (version managed from 2.12.7.1)
[DEBUG]          com.fasterxml.jackson.core:jackson-annotations:jar:2.15.4:compile (version managed from 2.15.4)
[DEBUG]          com.fasterxml.jackson.core:jackson-core:jar:2.15.4:compile (version managed from 2.15.4)
[INFO] 
[INFO] --- resources:3.3.1:resources (default-resources) @ bmad-edge-gateway ---
[DEBUG] Dependency collection stats {ConflictMarker.analyzeTime=275600, ConflictMarker.markTime=60200, ConflictMarker.nodeCount=13, ConflictIdSorter.graphTime=95700, ConflictIdSorter.topsortTime=21200, ConflictIdSorter.conflictIdCount=9, ConflictIdSorter.conflictIdCycleCount=0, ConflictResolver.totalTime=449700, ConflictResolver.conflictItemCount=13, DfDependencyCollector.collectTime=81081000, DfDependencyCollector.transformTime=946700}
[DEBUG] org.apache.maven.plugins:maven-resources-plugin:jar:3.3.1
[DEBUG]    org.codehaus.plexus:plexus-interpolation:jar:1.26:runtime
[DEBUG]    org.codehaus.plexus:plexus-utils:jar:3.5.1:compile
[DEBUG]    org.apache.maven.shared:maven-filtering:jar:3.3.1:compile
[DEBUG]       javax.inject:javax.inject:jar:1:compile
[DEBUG]       org.slf4j:slf4j-api:jar:1.7.36:compile
[DEBUG]       org.sonatype.plexus:plexus-build-api:jar:0.0.7:compile
[DEBUG]    commons-io:commons-io:jar:2.11.0:compile
[DEBUG]    org.apache.commons:commons-lang3:jar:3.12.0:compile
[DEBUG] Created new class realm plugin>org.apache.maven.plugins:maven-resources-plugin:3.3.1
[DEBUG] Importing foreign packages into class realm plugin>org.apache.maven.plugins:maven-resources-plugin:3.3.1
[DEBUG]   Imported:  < maven.api
[DEBUG] Populating class realm plugin>org.apache.maven.plugins:maven-resources-plugin:3.3.1
[DEBUG]   Included: org.apache.maven.plugins:maven-resources-plugin:jar:3.3.1
[DEBUG]   Included: org.codehaus.plexus:plexus-interpolation:jar:1.26
[DEBUG]   Included: org.codehaus.plexus:plexus-utils:jar:3.5.1
[DEBUG]   Included: org.apache.maven.shared:maven-filtering:jar:3.3.1
[DEBUG]   Included: org.sonatype.plexus:plexus-build-api:jar:0.0.7
[DEBUG]   Included: commons-io:commons-io:jar:2.11.0
[DEBUG]   Included: org.apache.commons:commons-lang3:jar:3.12.0
[DEBUG] Loading mojo org.apache.maven.plugins:maven-resources-plugin:3.3.1:resources from plugin realm ClassRealm[plugin>org.apache.maven.plugins:maven-resources-plugin:3.3.1, parent: jdk.internal.loader.ClassLoaders$AppClassLoader@55f96302]
[DEBUG] Configuring mojo execution 'org.apache.maven.plugins:maven-resources-plugin:3.3.1:resources:default-resources' with basic configurator -->
[DEBUG]   (f) addDefaultExcludes = true
[DEBUG]   (f) buildFilters = []
[DEBUG]   (s) delimiters = [@]
[DEBUG]   (f) encoding = UTF-8
[DEBUG]   (f) escapeWindowsPaths = true
[DEBUG]   (f) fileNameFiltering = false
[DEBUG]   (s) includeEmptyDirs = false
[DEBUG]   (s) outputDirectory = D:\WorkSpace\ai\Antigravity\bmad-test\backend\target\classes
[DEBUG]   (s) overwrite = false
[DEBUG]   (f) project = MavenProject: com.bmad.edge:bmad-edge-gateway:0.0.1-SNAPSHOT @ D:\WorkSpace\ai\Antigravity\bmad-test\backend\pom.xml
[DEBUG]   (f) propertiesEncoding = UTF-8
[DEBUG]   (s) resources = [Resource {targetPath: null, filtering: true, FileSet {directory: D:\WorkSpace\ai\Antigravity\bmad-test\backend\src\main\resources, PatternSet [includes: {**/application*.yml, **/application*.yaml, **/application*.properties}, excludes: {}]}}, Resource {targetPath: null, filtering: false, FileSet {directory: D:\WorkSpace\ai\Antigravity\bmad-test\backend\src\main\resources, PatternSet [includes: {}, excludes: {**/application*.yml, **/application*.yaml, **/application*.properties}]}}]
[DEBUG]   (f) session = org.apache.maven.execution.MavenSession@2538bc06
[DEBUG]   (f) skip = false
[DEBUG]   (f) supportMultiLineFiltering = false
[DEBUG]   (f) useBuildFilters = true
[DEBUG]   (s) useDefaultDelimiters = false
[DEBUG] -- end configuration --
[DEBUG] properties used:
[DEBUG] activemq.version: 5.18.5
[DEBUG] angus-mail.version: 2.0.3
[DEBUG] artemis.version: 2.31.2
[DEBUG] aspectj.version: 1.9.22.1
[DEBUG] assertj.version: 3.24.2
[DEBUG] awaitility.version: 4.2.2
[DEBUG] brave.version: 5.16.0
[DEBUG] build-helper-maven-plugin.version: 3.4.0
[DEBUG] byte-buddy.version: 1.14.19
[DEBUG] cache2k.version: 2.6.1.Final
[DEBUG] caffeine.version: 3.1.8
[DEBUG] cassandra-driver.version: 4.17.0
[DEBUG] classmate.version: 1.6.0
[DEBUG] classworlds.conf: D:\OpenSoftware\Maven\apache-maven-3.9.12\bin\m2.conf
[DEBUG] commons-codec.version: 1.16.1
[DEBUG] commons-dbcp2.version: 2.10.0
[DEBUG] commons-lang3.version: 3.13.0
[DEBUG] commons-pool.version: 1.6
[DEBUG] commons-pool2.version: 2.12.0
[DEBUG] couchbase-client.version: 3.4.11
[DEBUG] crac.version: 1.4.0
[DEBUG] db2-jdbc.version: 11.5.9.0
[DEBUG] dependency-management-plugin.version: 1.1.6
[DEBUG] derby.version: 10.16.1.1
[DEBUG] dropwizard-metrics.version: 4.2.27
[DEBUG] ehcache3.version: 3.10.8
[DEBUG] elasticsearch-client.version: 8.10.4
[DEBUG] env.=D:: D:\WorkSpace\ai\Antigravity\bmad-test\backend
[DEBUG] env.=EXITCODE: 00000000
[DEBUG] env.ALLUSERSPROFILE: C:\ProgramData
[DEBUG] env.ANTIGRAVITY_AGENT: 1
[DEBUG] env.ANTIGRAVITY_CLI_ALIAS: agy
[DEBUG] env.APPDATA: C:\Users\work\AppData\Roaming
[DEBUG] env.AQUA_VM_OPTIONS: C:\jetbra\vmoptions\aqua.vmoptions
[DEBUG] env.CHROME_CRASHPAD_PIPE_NAME: \\.\pipe\crashpad_36376_YBNMWCRCOPRWNTQB
[DEBUG] env.CLASSWORLDS_JAR: "D:\OpenSoftware\Maven\apache-maven-3.9.12\boot\plexus-classworlds-2.9.0.jar"
[DEBUG] env.CLASSWORLDS_LAUNCHER: org.codehaus.plexus.classworlds.launcher.Launcher
[DEBUG] env.CLION_VM_OPTIONS: C:\jetbra\vmoptions\clion.vmoptions
[DEBUG] env.COLORTERM: truecolor
[DEBUG] env.COMMONPROGRAMFILES: C:\Program Files\Common Files
[DEBUG] env.COMMONPROGRAMFILES(X86): C:\Program Files (x86)\Common Files
[DEBUG] env.COMMONPROGRAMW6432: C:\Program Files\Common Files
[DEBUG] env.COMPUTERNAME: SUNCHUAN
[DEBUG] env.COMSPEC: C:\Windows\system32\cmd.exe
[DEBUG] env.DATAGRIP_VM_OPTIONS: C:\jetbra\vmoptions\datagrip.vmoptions
[DEBUG] env.DATASPELL_VM_OPTIONS: C:\jetbra\vmoptions\dataspell.vmoptions
[DEBUG] env.DEVECOSTUDIO_VM_OPTIONS: C:\jetbra\vmoptions\devecostudio.vmoptions
[DEBUG] env.DRIVERDATA: C:\Windows\System32\Drivers\DriverData
[DEBUG] env.EFC_12484_1262719628: 1
[DEBUG] env.EFC_12484_1592913036: 1
[DEBUG] env.EFC_12484_2283032206: 1
[DEBUG] env.EFC_12484_2775293581: 1
[DEBUG] env.EFC_12484_344590478: 1
[DEBUG] env.EFC_12484_3789132940: 1
[DEBUG] env.ERROR_CODE: 0
[DEBUG] env.EXEC_DIR: D:\WorkSpace\ai\Antigravity\bmad-test\backend
[DEBUG] env.FPS_BROWSER_APP_PROFILE_STRING: Internet Explorer
[DEBUG] env.FPS_BROWSER_USER_PROFILE_STRING: Default
[DEBUG] env.GATEWAY_VM_OPTIONS: C:\jetbra\vmoptions\gateway.vmoptions
[DEBUG] env.GIT_ASKPASS: c:\Users\work\AppData\Local\Programs\Antigravity\resources\app\extensions\git\dist\askpass.sh
[DEBUG] env.GOLAND_VM_OPTIONS: C:\jetbra\vmoptions\goland.vmoptions
[DEBUG] env.HOMEDRIVE: C:
[DEBUG] env.HOMEPATH: \Users\work
[DEBUG] env.IDEA_VM_OPTIONS: C:\jetbra\vmoptions\idea.vmoptions
[DEBUG] env.INTERNAL_MAVEN_OPTS: --enable-native-access=ALL-UNNAMED 
[DEBUG] env.JAVACMD: D:\Program Files\Java\jdk-17\jdk-17.0.12\bin\java.exe
[DEBUG] env.JAVA_HOME: D:\Program Files\Java\jdk-17\jdk-17.0.12
[DEBUG] env.JETBRAINSCLIENT_VM_OPTIONS: C:\jetbra\vmoptions\jetbrainsclient.vmoptions
[DEBUG] env.JETBRAINS_CLIENT_VM_OPTIONS: C:\jetbra\vmoptions\jetbrains_client.vmoptions
[DEBUG] env.JVMCONFIG: \.mvn\jvm.config
[DEBUG] env.LANG: en_US.UTF-8
[DEBUG] env.LOCALAPPDATA: C:\Users\work\AppData\Local
[DEBUG] env.LOGONSERVER: \\SUNCHUAN
[DEBUG] env.MAVEN_CMD_LINE_ARGS: compile -X
[DEBUG] env.MAVEN_HOME: D:\OpenSoftware\Maven\apache-maven-3.9.12
[DEBUG] env.MAVEN_OPTS: -Dfile.encoding=UTF-8
[DEBUG] env.MAVEN_PROJECTBASEDIR: D:\WorkSpace\ai\Antigravity\bmad-test\backend
[DEBUG] env.NUMBER_OF_PROCESSORS: 18
[DEBUG] env.ONEDRIVE: C:\Users\work\OneDrive
[DEBUG] env.OS: Windows_NT
[DEBUG] env.PAGER: cat
[DEBUG] env.PATH: C:\Windows\system32;C:\Windows;C:\Windows\System32\Wbem;C:\Windows\System32\WindowsPowerShell\v1.0\;C:\Windows\System32\OpenSSH\;C:\Program Files\Docker\Docker\resources\bin;D:\Program Files\nodejs\;d:\Program Files\Git\cmd;D:\OpenSoftware\Maven\apache-maven-3.9.12\bin;D:\Program Files\Java\jdk-17\jdk-17.0.12\bin;C:\Users\work\AppData\Local\Microsoft\WindowsApps;C:\Users\work\AppData\Roaming\npm;C:\Users\work\AppData\Local\Python\bin;C:\Users\work\AppData\Local\GitHubDesktop\bin;C:\Users\work\AppData\Local\Programs\Antigravity\bin
[DEBUG] env.PATHEXT: .COM;.EXE;.BAT;.CMD;.VBS;.VBE;.JS;.JSE;.WSF;.WSH;.MSC;.CPL
[DEBUG] env.PHPSTORM_VM_OPTIONS: C:\jetbra\vmoptions\phpstorm.vmoptions
[DEBUG] env.PROCESSOR_ARCHITECTURE: AMD64
[DEBUG] env.PROCESSOR_IDENTIFIER: Intel64 Family 6 Model 170 Stepping 4, GenuineIntel
[DEBUG] env.PROCESSOR_LEVEL: 6
[DEBUG] env.PROCESSOR_REVISION: aa04
[DEBUG] env.PROGRAMDATA: C:\ProgramData
[DEBUG] env.PROGRAMFILES: C:\Program Files
[DEBUG] env.PROGRAMFILES(X86): C:\Program Files (x86)
[DEBUG] env.PROGRAMW6432: C:\Program Files
[DEBUG] env.PROMPT: $P$G
[DEBUG] env.PSMODULEPATH: C:\Users\work\Documents\WindowsPowerShell\Modules;C:\Program Files\WindowsPowerShell\Modules;C:\Windows\system32\WindowsPowerShell\v1.0\Modules
[DEBUG] env.PUBLIC: C:\Users\Public
[DEBUG] env.PYCHARM_VM_OPTIONS: C:\jetbra\vmoptions\pycharm.vmoptions
[DEBUG] env.RIDER_VM_OPTIONS: C:\jetbra\vmoptions\rider.vmoptions
[DEBUG] env.RUBYMINE_VM_OPTIONS: C:\jetbra\vmoptions\rubymine.vmoptions
[DEBUG] env.RUSTROVER_VM_OPTIONS: C:\jetbra\vmoptions\rustrover.vmoptions
[DEBUG] env.SESSIONNAME: Console
[DEBUG] env.STUDIO_VM_OPTIONS: C:\jetbra\vmoptions\studio.vmoptions
[DEBUG] env.SYSTEMDRIVE: C:
[DEBUG] env.SYSTEMROOT: C:\Windows
[DEBUG] env.TEMP: C:\Users\work\AppData\Local\Temp
[DEBUG] env.TERM_PROGRAM: vscode
[DEBUG] env.TERM_PROGRAM_VERSION: 1.107.0
[DEBUG] env.TMP: C:\Users\work\AppData\Local\Temp
[DEBUG] env.USERDOMAIN: SUNCHUAN
[DEBUG] env.USERDOMAIN_ROAMINGPROFILE: SUNCHUAN
[DEBUG] env.USERNAME: work
[DEBUG] env.USERPROFILE: C:\Users\work
[DEBUG] env.VSCODE_GIT_ASKPASS_EXTRA_ARGS: 
[DEBUG] env.VSCODE_GIT_ASKPASS_MAIN: c:\Users\work\AppData\Local\Programs\Antigravity\resources\app\extensions\git\dist\askpass-main.js
[DEBUG] env.VSCODE_GIT_ASKPASS_NODE: C:\Users\work\AppData\Local\Programs\Antigravity\Antigravity.exe
[DEBUG] env.VSCODE_GIT_IPC_HANDLE: \\.\pipe\vscode-git-35bef53d86-sock
[DEBUG] env.VSCODE_INJECTION: 1
[DEBUG] env.VSCODE_PYTHON_AUTOACTIVATE_GUARD: 1
[DEBUG] env.WDIR: D:\
[DEBUG] env.WEBIDE_VM_OPTIONS: C:\jetbra\vmoptions\webide.vmoptions
[DEBUG] env.WEBSTORM_VM_OPTIONS: C:\jetbra\vmoptions\webstorm.vmoptions
[DEBUG] env.WINDIR: C:\Windows
[DEBUG] env.ZES_ENABLE_SYSMAN: 1
[DEBUG] file.encoding: UTF-8
[DEBUG] file.separator: \
[DEBUG] flyway.version: 9.22.3
[DEBUG] freemarker.version: 2.3.33
[DEBUG] git-commit-id-maven-plugin.version: 6.0.0
[DEBUG] glassfish-jaxb.version: 4.0.5
[DEBUG] glassfish-jstl.version: 3.0.1
[DEBUG] graphql-java.version: 21.5
[DEBUG] groovy.version: 4.0.23
[DEBUG] gson.version: 2.10.1
[DEBUG] h2.version: 2.2.224
[DEBUG] hamcrest.version: 2.2
[DEBUG] hazelcast.version: 5.3.8
[DEBUG] hibernate-validator.version: 8.0.1.Final
[DEBUG] hibernate.version: 6.4.10.Final
[DEBUG] hikaricp.version: 5.0.1
[DEBUG] hsqldb.version: 2.7.3
[DEBUG] htmlunit.version: 2.70.0
[DEBUG] httpasyncclient.version: 4.1.5
[DEBUG] httpclient5.version: 5.2.3
[DEBUG] httpcore.version: 4.4.16
[DEBUG] httpcore5.version: 5.2.5
[DEBUG] infinispan.version: 14.0.31.Final
[DEBUG] influxdb-java.version: 2.23
[DEBUG] jackson-bom.version: 2.15.4
[DEBUG] jakarta-activation.version: 2.1.3
[DEBUG] jakarta-annotation.version: 2.1.1
[DEBUG] jakarta-jms.version: 3.1.0
[DEBUG] jakarta-json-bind.version: 3.0.1
[DEBUG] jakarta-json.version: 2.1.3
[DEBUG] jakarta-mail.version: 2.1.3
[DEBUG] jakarta-management.version: 1.1.4
[DEBUG] jakarta-persistence.version: 3.1.0
[DEBUG] jakarta-servlet-jsp-jstl.version: 3.0.2
[DEBUG] jakarta-servlet.version: 6.0.0
[DEBUG] jakarta-transaction.version: 2.0.1
[DEBUG] jakarta-validation.version: 3.0.2
[DEBUG] jakarta-websocket.version: 2.1.1
[DEBUG] jakarta-ws-rs.version: 3.1.0
[DEBUG] jakarta-xml-bind.version: 4.0.2
[DEBUG] jakarta-xml-soap.version: 3.0.2
[DEBUG] jakarta-xml-ws.version: 4.0.2
[DEBUG] janino.version: 3.1.12
[DEBUG] java.class.path: D:\OpenSoftware\Maven\apache-maven-3.9.12\boot\plexus-classworlds-2.9.0.jar
[DEBUG] java.class.version: 61.0
[DEBUG] java.home: D:\Program Files\Java\jdk-17\jdk-17.0.12
[DEBUG] java.io.tmpdir: C:\Users\work\AppData\Local\Temp\
[DEBUG] java.library.path: D:\Program Files\Java\jdk-17\jdk-17.0.12\bin;C:\Windows\Sun\Java\bin;C:\Windows\system32;C:\Windows;C:\Windows\system32;C:\Windows;C:\Windows\System32\Wbem;C:\Windows\System32\WindowsPowerShell\v1.0\;C:\Windows\System32\OpenSSH\;C:\Program Files\Docker\Docker\resources\bin;D:\Program Files\nodejs\;d:\Program Files\Git\cmd;D:\OpenSoftware\Maven\apache-maven-3.9.12\bin;D:\Program Files\Java\jdk-17\jdk-17.0.12\bin;C:\Users\work\AppData\Local\Microsoft\WindowsApps;C:\Users\work\AppData\Roaming\npm;C:\Users\work\AppData\Local\Python\bin;C:\Users\work\AppData\Local\GitHubDesktop\bin;C:\Users\work\AppData\Local\Programs\Antigravity\bin;.
[DEBUG] java.runtime.name: Java(TM) SE Runtime Environment
[DEBUG] java.runtime.version: 17.0.12+8-LTS-286
[DEBUG] java.specification.name: Java Platform API Specification
[DEBUG] java.specification.vendor: Oracle Corporation
[DEBUG] java.specification.version: 17
[DEBUG] java.vendor: Oracle Corporation
[DEBUG] java.vendor.url: https://java.oracle.com/
[DEBUG] java.vendor.url.bug: https://bugreport.java.com/bugreport/
[DEBUG] java.version: 17.0.12
[DEBUG] java.version.date: 2024-07-16
[DEBUG] java.vm.compressedOopsMode: Zero based
[DEBUG] java.vm.info: mixed mode, sharing
[DEBUG] java.vm.name: Java HotSpot(TM) 64-Bit Server VM
[DEBUG] java.vm.specification.name: Java Virtual Machine Specification
[DEBUG] java.vm.specification.vendor: Oracle Corporation
[DEBUG] java.vm.specification.version: 17
[DEBUG] java.vm.vendor: Oracle Corporation
[DEBUG] java.vm.version: 17.0.12+8-LTS-286
[DEBUG] javax-cache.version: 1.1.1
[DEBUG] javax-money.version: 1.1
[DEBUG] jaxen.version: 2.0.0
[DEBUG] jaybird.version: 5.0.5.java11
[DEBUG] jboss-logging.version: 3.5.3.Final
[DEBUG] jdk.debug: release
[DEBUG] jdom2.version: 2.0.6.1
[DEBUG] jedis.version: 5.0.2
[DEBUG] jersey.version: 3.1.8
[DEBUG] jetty-reactive-httpclient.version: 4.0.7
[DEBUG] jetty.version: 12.0.13
[DEBUG] jmustache.version: 1.15
[DEBUG] jooq.version: 3.18.18
[DEBUG] json-path.version: 2.9.0
[DEBUG] json-smart.version: 2.5.1
[DEBUG] jsonassert.version: 1.5.3
[DEBUG] jtds.version: 1.3.1
[DEBUG] junit-jupiter.version: 5.10.3
[DEBUG] junit.version: 4.13.2
[DEBUG] kafka.version: 3.6.2
[DEBUG] kotlin-coroutines.version: 1.7.3
[DEBUG] kotlin-serialization.version: 1.6.3
[DEBUG] kotlin.version: 1.9.25
[DEBUG] lettuce.version: 6.3.2.RELEASE
[DEBUG] library.jansi.path: D:\OpenSoftware\Maven\apache-maven-3.9.12\lib\jansi-native
[DEBUG] line.separator: 

[DEBUG] liquibase.version: 4.24.0
[DEBUG] log4j2.version: 2.21.1
[DEBUG] logback.version: 1.4.14
[DEBUG] lombok.version: 1.18.34
[DEBUG] mariadb.version: 3.3.3
[DEBUG] maven-antrun-plugin.version: 3.1.0
[DEBUG] maven-assembly-plugin.version: 3.6.0
[DEBUG] maven-clean-plugin.version: 3.3.2
[DEBUG] maven-compiler-plugin.version: 3.11.0
[DEBUG] maven-dependency-plugin.version: 3.6.1
[DEBUG] maven-deploy-plugin.version: 3.1.3
[DEBUG] maven-enforcer-plugin.version: 3.4.1
[DEBUG] maven-failsafe-plugin.version: 3.1.2
[DEBUG] maven-help-plugin.version: 3.4.1
[DEBUG] maven-install-plugin.version: 3.1.3
[DEBUG] maven-invoker-plugin.version: 3.6.1
[DEBUG] maven-jar-plugin.version: 3.3.0
[DEBUG] maven-javadoc-plugin.version: 3.6.3
[DEBUG] maven-resources-plugin.version: 3.3.1
[DEBUG] maven-shade-plugin.version: 3.5.3
[DEBUG] maven-source-plugin.version: 3.3.1
[DEBUG] maven-surefire-plugin.version: 3.1.2
[DEBUG] maven-war-plugin.version: 3.4.0
[DEBUG] maven.build.timestamp: 2026-03-03T16:17:16Z
[DEBUG] maven.build.version: Apache Maven 3.9.12 (848fbb4bf2d427b72bdb2471c22fced7ebd9a7a1)
[DEBUG] maven.compiler.release: 17
[DEBUG] maven.conf: D:\OpenSoftware\Maven\apache-maven-3.9.12/conf
[DEBUG] maven.home: D:\OpenSoftware\Maven\apache-maven-3.9.12
[DEBUG] maven.multiModuleProjectDirectory: D:\WorkSpace\ai\Antigravity\bmad-test\backend
[DEBUG] maven.version: 3.9.12
[DEBUG] micrometer-tracing.version: 1.2.10
[DEBUG] micrometer.version: 1.12.10
[DEBUG] mockito.version: 5.7.0
[DEBUG] mongodb.version: 4.11.4
[DEBUG] mssql-jdbc.version: 12.4.2.jre11
[DEBUG] mysql.version: 8.3.0
[DEBUG] native-build-tools-plugin.version: 0.9.28
[DEBUG] native.encoding: GBK
[DEBUG] nekohtml.version: 1.9.22
[DEBUG] neo4j-java-driver.version: 5.23.0
[DEBUG] netty.version: 4.1.113.Final
[DEBUG] okhttp.version: 4.12.0
[DEBUG] opentelemetry.version: 1.31.0
[DEBUG] oracle-database.version: 21.9.0.0
[DEBUG] oracle-r2dbc.version: 1.1.1
[DEBUG] os.arch: amd64
[DEBUG] os.name: Windows 11
[DEBUG] os.version: 10.0
[DEBUG] path.separator: ;
[DEBUG] pooled-jms.version: 3.1.6
[DEBUG] postgresql.version: 42.6.2
[DEBUG] project.baseUri: file:/D:/WorkSpace/ai/Antigravity/bmad-test/backend/
[DEBUG] project.build.sourceEncoding: UTF-8
[DEBUG] project.reporting.outputEncoding: UTF-8
[DEBUG] prometheus-client.version: 0.16.0
[DEBUG] pulsar-reactive.version: 0.5.7
[DEBUG] pulsar.version: 3.1.3
[DEBUG] quartz.version: 2.3.2
[DEBUG] querydsl.version: 5.0.0
[DEBUG] r2dbc-h2.version: 1.0.0.RELEASE
[DEBUG] r2dbc-mariadb.version: 1.1.4
[DEBUG] r2dbc-mssql.version: 1.0.2.RELEASE
[DEBUG] r2dbc-mysql.version: 1.0.6
[DEBUG] r2dbc-pool.version: 1.0.1.RELEASE
[DEBUG] r2dbc-postgresql.version: 1.0.5.RELEASE
[DEBUG] r2dbc-proxy.version: 1.1.5.RELEASE
[DEBUG] r2dbc-spi.version: 1.0.0.RELEASE
[DEBUG] rabbit-amqp-client.version: 5.19.0
[DEBUG] rabbit-stream-client.version: 0.14.0
[DEBUG] reactive-streams.version: 1.0.4
[DEBUG] reactor-bom.version: 2023.0.10
[DEBUG] resource.delimiter: @
[DEBUG] rest-assured.version: 5.3.2
[DEBUG] rsocket.version: 1.1.3
[DEBUG] rxjava3.version: 3.1.9
[DEBUG] saaj-impl.version: 3.0.4
[DEBUG] selenium-htmlunit.version: 4.13.0
[DEBUG] selenium.version: 4.14.1
[DEBUG] sendgrid.version: 4.9.3
[DEBUG] slf4j.version: 2.0.16
[DEBUG] snakeyaml.version: 2.2
[DEBUG] spring-amqp.version: 3.1.7
[DEBUG] spring-authorization-server.version: 1.2.6
[DEBUG] spring-batch.version: 5.1.2
[DEBUG] spring-data-bom.version: 2023.1.10
[DEBUG] spring-framework.version: 6.1.13
[DEBUG] spring-graphql.version: 1.2.8
[DEBUG] spring-hateoas.version: 2.2.5
[DEBUG] spring-integration.version: 6.2.9
[DEBUG] spring-kafka.version: 3.1.9
[DEBUG] spring-ldap.version: 3.2.6
[DEBUG] spring-pulsar.version: 1.0.10
[DEBUG] spring-restdocs.version: 3.0.1
[DEBUG] spring-retry.version: 2.0.9
[DEBUG] spring-security.version: 6.2.6
[DEBUG] spring-session.version: 3.2.5
[DEBUG] spring-ws.version: 4.0.11
[DEBUG] sqlite-jdbc.version: 3.43.2.2
[DEBUG] sun.arch.data.model: 64
[DEBUG] sun.boot.library.path: D:\Program Files\Java\jdk-17\jdk-17.0.12\bin
[DEBUG] sun.cpu.endian: little
[DEBUG] sun.cpu.isalist: amd64
[DEBUG] sun.io.unicode.encoding: UnicodeLittle
[DEBUG] sun.java.command: org.codehaus.plexus.classworlds.launcher.Launcher compile -X
[DEBUG] sun.java.launcher: SUN_STANDARD
[DEBUG] sun.jnu.encoding: GBK
[DEBUG] sun.management.compiler: HotSpot 64-Bit Tiered Compilers
[DEBUG] sun.os.patch.level: 
[DEBUG] sun.stderr.encoding: ms936
[DEBUG] testcontainers.version: 1.19.8
[DEBUG] thymeleaf-extras-data-attribute.version: 2.0.1
[DEBUG] thymeleaf-extras-springsecurity.version: 3.1.2.RELEASE
[DEBUG] thymeleaf-layout-dialect.version: 3.3.0
[DEBUG] thymeleaf.version: 3.1.2.RELEASE
[DEBUG] tomcat.version: 10.1.30
[DEBUG] unboundid-ldapsdk.version: 6.0.11
[DEBUG] undertow.version: 2.3.17.Final
[DEBUG] user.country: CN
[DEBUG] user.dir: D:\WorkSpace\ai\Antigravity\bmad-test\backend
[DEBUG] user.home: C:\Users\work
[DEBUG] user.language: zh
[DEBUG] user.name: work
[DEBUG] user.script: 
[DEBUG] user.variant: 
[DEBUG] versions-maven-plugin.version: 2.16.2
[DEBUG] webjars-locator-core.version: 0.55
[DEBUG] wsdl4j.version: 1.6.3
[DEBUG] xml-maven-plugin.version: 1.1.0
[DEBUG] xmlunit2.version: 2.9.1
[DEBUG] yasson.version: 3.0.4
[DEBUG] Using 'UTF-8' encoding to copy filtered resources.
[DEBUG] Using 'UTF-8' encoding to copy filtered properties files.
[DEBUG] resource with targetPath null
directory D:\WorkSpace\ai\Antigravity\bmad-test\backend\src\main\resources
excludes []
includes [**/application*.yml, **/application*.yaml, **/application*.properties]
[DEBUG] ignoreDelta true
[INFO] Copying 1 resource from src\main\resources to target\classes
[DEBUG] Copying file application.yml
[DEBUG] file application.yml has a filtered file extension
[DEBUG] Using 'UTF-8' encoding to copy filtered resource 'application.yml'.
[DEBUG] filtering D:\WorkSpace\ai\Antigravity\bmad-test\backend\src\main\resources\application.yml to D:\WorkSpace\ai\Antigravity\bmad-test\backend\target\classes\application.yml
[DEBUG] resource with targetPath null
directory D:\WorkSpace\ai\Antigravity\bmad-test\backend\src\main\resources
excludes [**/application*.yml, **/application*.yaml, **/application*.properties]
includes []
[DEBUG] ignoreDelta true
[INFO] Copying 2 resources from src\main\resources to target\classes
[DEBUG] Copying file data.sql
[DEBUG] file data.sql has a filtered file extension
[DEBUG] Using 'UTF-8' encoding to copy filtered resource 'data.sql'.
[DEBUG] copy D:\WorkSpace\ai\Antigravity\bmad-test\backend\src\main\resources\data.sql to D:\WorkSpace\ai\Antigravity\bmad-test\backend\target\classes\data.sql
[DEBUG] Copying file schema.sql
[DEBUG] file schema.sql has a filtered file extension
[DEBUG] Using 'UTF-8' encoding to copy filtered resource 'schema.sql'.
[DEBUG] copy D:\WorkSpace\ai\Antigravity\bmad-test\backend\src\main\resources\schema.sql to D:\WorkSpace\ai\Antigravity\bmad-test\backend\target\classes\schema.sql
[DEBUG] no user filter components
[INFO] 
[INFO] --- compiler:3.11.0:compile (default-compile) @ bmad-edge-gateway ---
[DEBUG] Using mirror maven-default-http-blocker (http://0.0.0.0/) for apache.snapshots (http://repository.apache.org/snapshots).
[DEBUG] Dependency collection stats {ConflictMarker.analyzeTime=79600, ConflictMarker.markTime=38300, ConflictMarker.nodeCount=17, ConflictIdSorter.graphTime=36400, ConflictIdSorter.topsortTime=27900, ConflictIdSorter.conflictIdCount=12, ConflictIdSorter.conflictIdCycleCount=0, ConflictResolver.totalTime=461200, ConflictResolver.conflictItemCount=17, DfDependencyCollector.collectTime=150005100, DfDependencyCollector.transformTime=688900}
[DEBUG] org.apache.maven.plugins:maven-compiler-plugin:jar:3.11.0
[DEBUG]    org.apache.maven.shared:maven-shared-utils:jar:3.3.4:compile
[DEBUG]       commons-io:commons-io:jar:2.6:compile
[DEBUG]    org.apache.maven.shared:maven-shared-incremental:jar:1.1:compile
[DEBUG]       org.codehaus.plexus:plexus-component-annotations:jar:1.5.5:compile
[DEBUG]    org.codehaus.plexus:plexus-java:jar:1.1.2:compile
[DEBUG]       org.ow2.asm:asm:jar:9.4:compile
[DEBUG]       com.thoughtworks.qdox:qdox:jar:2.0.3:compile (version managed from default)
[DEBUG]    org.codehaus.plexus:plexus-compiler-api:jar:2.13.0:compile
[DEBUG]       org.codehaus.plexus:plexus-utils:jar:3.5.0:compile (version managed from default)
[DEBUG]    org.codehaus.plexus:plexus-compiler-manager:jar:2.13.0:compile
[DEBUG]    org.codehaus.plexus:plexus-compiler-javac:jar:2.13.0:runtime
[DEBUG] Created new class realm plugin>org.apache.maven.plugins:maven-compiler-plugin:3.11.0
[DEBUG] Importing foreign packages into class realm plugin>org.apache.maven.plugins:maven-compiler-plugin:3.11.0
[DEBUG]   Imported:  < maven.api
[DEBUG] Populating class realm plugin>org.apache.maven.plugins:maven-compiler-plugin:3.11.0
[DEBUG]   Included: org.apache.maven.plugins:maven-compiler-plugin:jar:3.11.0
[DEBUG]   Included: org.apache.maven.shared:maven-shared-utils:jar:3.3.4
[DEBUG]   Included: commons-io:commons-io:jar:2.6
[DEBUG]   Included: org.apache.maven.shared:maven-shared-incremental:jar:1.1
[DEBUG]   Included: org.codehaus.plexus:plexus-component-annotations:jar:1.5.5
[DEBUG]   Included: org.codehaus.plexus:plexus-java:jar:1.1.2
[DEBUG]   Included: org.ow2.asm:asm:jar:9.4
[DEBUG]   Included: com.thoughtworks.qdox:qdox:jar:2.0.3
[DEBUG]   Included: org.codehaus.plexus:plexus-compiler-api:jar:2.13.0
[DEBUG]   Included: org.codehaus.plexus:plexus-utils:jar:3.5.0
[DEBUG]   Included: org.codehaus.plexus:plexus-compiler-manager:jar:2.13.0
[DEBUG]   Included: org.codehaus.plexus:plexus-compiler-javac:jar:2.13.0
[DEBUG] Loading mojo org.apache.maven.plugins:maven-compiler-plugin:3.11.0:compile from plugin realm ClassRealm[plugin>org.apache.maven.plugins:maven-compiler-plugin:3.11.0, parent: jdk.internal.loader.ClassLoaders$AppClassLoader@55f96302]
[DEBUG] Configuring mojo execution 'org.apache.maven.plugins:maven-compiler-plugin:3.11.0:compile:default-compile' with basic configurator -->
[DEBUG]   (f) basedir = D:\WorkSpace\ai\Antigravity\bmad-test\backend
[DEBUG]   (f) buildDirectory = D:\WorkSpace\ai\Antigravity\bmad-test\backend\target
[DEBUG]   (f) compilePath = [D:\WorkSpace\ai\Antigravity\bmad-test\backend\target\classes, C:\Users\work\.m2\repository\org\springframework\boot\spring-boot-starter-web\3.2.10\spring-boot-starter-web-3.2.10.jar, C:\Users\work\.m2\repository\org\springframework\boot\spring-boot-starter\3.2.10\spring-boot-starter-3.2.10.jar, C:\Users\work\.m2\repository\org\springframework\boot\spring-boot\3.2.10\spring-boot-3.2.10.jar, C:\Users\work\.m2\repository\org\springframework\boot\spring-boot-starter-logging\3.2.10\spring-boot-starter-logging-3.2.10.jar, C:\Users\work\.m2\repository\ch\qos\logback\logback-classic\1.4.14\logback-classic-1.4.14.jar, C:\Users\work\.m2\repository\ch\qos\logback\logback-core\1.4.14\logback-core-1.4.14.jar, C:\Users\work\.m2\repository\org\apache\logging\log4j\log4j-to-slf4j\2.21.1\log4j-to-slf4j-2.21.1.jar, C:\Users\work\.m2\repository\org\apache\logging\log4j\log4j-api\2.21.1\log4j-api-2.21.1.jar, C:\Users\work\.m2\repository\org\slf4j\jul-to-slf4j\2.0.16\jul-to-slf4j-2.0.16.jar, C:\Users\work\.m2\repository\jakarta\annotation\jakarta.annotation-api\2.1.1\jakarta.annotation-api-2.1.1.jar, C:\Users\work\.m2\repository\org\yaml\snakeyaml\2.2\snakeyaml-2.2.jar, C:\Users\work\.m2\repository\org\springframework\boot\spring-boot-starter-json\3.2.10\spring-boot-starter-json-3.2.10.jar, C:\Users\work\.m2\repository\com\fasterxml\jackson\datatype\jackson-datatype-jdk8\2.15.4\jackson-datatype-jdk8-2.15.4.jar, C:\Users\work\.m2\repository\com\fasterxml\jackson\datatype\jackson-datatype-jsr310\2.15.4\jackson-datatype-jsr310-2.15.4.jar, C:\Users\work\.m2\repository\com\fasterxml\jackson\module\jackson-module-parameter-names\2.15.4\jackson-module-parameter-names-2.15.4.jar, C:\Users\work\.m2\repository\org\springframework\boot\spring-boot-starter-tomcat\3.2.10\spring-boot-starter-tomcat-3.2.10.jar, C:\Users\work\.m2\repository\org\apache\tomcat\embed\tomcat-embed-core\10.1.30\tomcat-embed-core-10.1.30.jar, C:\Users\work\.m2\repository\org\apache\tomcat\embed\tomcat-embed-el\10.1.30\tomcat-embed-el-10.1.30.jar, C:\Users\work\.m2\repository\org\apache\tomcat\embed\tomcat-embed-websocket\10.1.30\tomcat-embed-websocket-10.1.30.jar, C:\Users\work\.m2\repository\org\springframework\spring-web\6.1.13\spring-web-6.1.13.jar, C:\Users\work\.m2\repository\org\springframework\spring-beans\6.1.13\spring-beans-6.1.13.jar, C:\Users\work\.m2\repository\org\springframework\spring-webmvc\6.1.13\spring-webmvc-6.1.13.jar, C:\Users\work\.m2\repository\org\springframework\spring-context\6.1.13\spring-context-6.1.13.jar, C:\Users\work\.m2\repository\org\springframework\spring-expression\6.1.13\spring-expression-6.1.13.jar, C:\Users\work\.m2\repository\org\springframework\boot\spring-boot-starter-actuator\3.2.10\spring-boot-starter-actuator-3.2.10.jar, C:\Users\work\.m2\repository\org\springframework\boot\spring-boot-actuator-autoconfigure\3.2.10\spring-boot-actuator-autoconfigure-3.2.10.jar, C:\Users\work\.m2\repository\org\springframework\boot\spring-boot-actuator\3.2.10\spring-boot-actuator-3.2.10.jar, C:\Users\work\.m2\repository\io\micrometer\micrometer-observation\1.12.10\micrometer-observation-1.12.10.jar, C:\Users\work\.m2\repository\io\micrometer\micrometer-commons\1.12.10\micrometer-commons-1.12.10.jar, C:\Users\work\.m2\repository\io\micrometer\micrometer-jakarta9\1.12.10\micrometer-jakarta9-1.12.10.jar, C:\Users\work\.m2\repository\io\micrometer\micrometer-core\1.12.10\micrometer-core-1.12.10.jar, C:\Users\work\.m2\repository\org\springframework\boot\spring-boot-starter-security\3.2.10\spring-boot-starter-security-3.2.10.jar, C:\Users\work\.m2\repository\org\springframework\spring-aop\6.1.13\spring-aop-6.1.13.jar, C:\Users\work\.m2\repository\org\springframework\security\spring-security-config\6.2.6\spring-security-config-6.2.6.jar, C:\Users\work\.m2\repository\org\springframework\security\spring-security-core\6.2.6\spring-security-core-6.2.6.jar, C:\Users\work\.m2\repository\org\springframework\security\spring-security-crypto\6.2.6\spring-security-crypto-6.2.6.jar, C:\Users\work\.m2\repository\org\springframework\security\spring-security-web\6.2.6\spring-security-web-6.2.6.jar, C:\Users\work\.m2\repository\org\springframework\boot\spring-boot-starter-data-redis\3.2.10\spring-boot-starter-data-redis-3.2.10.jar, C:\Users\work\.m2\repository\io\lettuce\lettuce-core\6.3.2.RELEASE\lettuce-core-6.3.2.RELEASE.jar, C:\Users\work\.m2\repository\io\netty\netty-common\4.1.113.Final\netty-common-4.1.113.Final.jar, C:\Users\work\.m2\repository\io\netty\netty-handler\4.1.113.Final\netty-handler-4.1.113.Final.jar, C:\Users\work\.m2\repository\io\netty\netty-resolver\4.1.113.Final\netty-resolver-4.1.113.Final.jar, C:\Users\work\.m2\repository\io\netty\netty-buffer\4.1.113.Final\netty-buffer-4.1.113.Final.jar, C:\Users\work\.m2\repository\io\netty\netty-transport-native-unix-common\4.1.113.Final\netty-transport-native-unix-common-4.1.113.Final.jar, C:\Users\work\.m2\repository\io\netty\netty-codec\4.1.113.Final\netty-codec-4.1.113.Final.jar, C:\Users\work\.m2\repository\io\netty\netty-transport\4.1.113.Final\netty-transport-4.1.113.Final.jar, C:\Users\work\.m2\repository\io\projectreactor\reactor-core\3.6.10\reactor-core-3.6.10.jar, C:\Users\work\.m2\repository\org\reactivestreams\reactive-streams\1.0.4\reactive-streams-1.0.4.jar, C:\Users\work\.m2\repository\org\springframework\data\spring-data-redis\3.2.10\spring-data-redis-3.2.10.jar, C:\Users\work\.m2\repository\org\springframework\data\spring-data-keyvalue\3.2.10\spring-data-keyvalue-3.2.10.jar, C:\Users\work\.m2\repository\org\springframework\data\spring-data-commons\3.2.10\spring-data-commons-3.2.10.jar, C:\Users\work\.m2\repository\org\springframework\spring-tx\6.1.13\spring-tx-6.1.13.jar, C:\Users\work\.m2\repository\org\springframework\spring-oxm\6.1.13\spring-oxm-6.1.13.jar, C:\Users\work\.m2\repository\org\springframework\spring-context-support\6.1.13\spring-context-support-6.1.13.jar, C:\Users\work\.m2\repository\org\slf4j\slf4j-api\2.0.16\slf4j-api-2.0.16.jar, C:\Users\work\.m2\repository\com\baomidou\mybatis-plus-spring-boot3-starter\3.5.5\mybatis-plus-spring-boot3-starter-3.5.5.jar, C:\Users\work\.m2\repository\com\baomidou\mybatis-plus\3.5.5\mybatis-plus-3.5.5.jar, C:\Users\work\.m2\repository\com\baomidou\mybatis-plus-core\3.5.5\mybatis-plus-core-3.5.5.jar, C:\Users\work\.m2\repository\com\baomidou\mybatis-plus-annotation\3.5.5\mybatis-plus-annotation-3.5.5.jar, C:\Users\work\.m2\repository\com\baomidou\mybatis-plus-extension\3.5.5\mybatis-plus-extension-3.5.5.jar, C:\Users\work\.m2\repository\org\mybatis\mybatis\3.5.15\mybatis-3.5.15.jar, C:\Users\work\.m2\repository\com\github\jsqlparser\jsqlparser\4.6\jsqlparser-4.6.jar, C:\Users\work\.m2\repository\org\mybatis\mybatis-spring\3.0.3\mybatis-spring-3.0.3.jar, C:\Users\work\.m2\repository\com\baomidou\mybatis-plus-spring-boot-autoconfigure\3.5.5\mybatis-plus-spring-boot-autoconfigure-3.5.5.jar, C:\Users\work\.m2\repository\org\springframework\boot\spring-boot-autoconfigure\3.2.10\spring-boot-autoconfigure-3.2.10.jar, C:\Users\work\.m2\repository\org\springframework\boot\spring-boot-starter-jdbc\3.2.10\spring-boot-starter-jdbc-3.2.10.jar, C:\Users\work\.m2\repository\com\zaxxer\HikariCP\5.0.1\HikariCP-5.0.1.jar, C:\Users\work\.m2\repository\org\springframework\spring-jdbc\6.1.13\spring-jdbc-6.1.13.jar, C:\Users\work\.m2\repository\org\projectlombok\lombok\1.18.34\lombok-1.18.34.jar, C:\Users\work\.m2\repository\jakarta\xml\bind\jakarta.xml.bind-api\4.0.2\jakarta.xml.bind-api-4.0.2.jar, C:\Users\work\.m2\repository\jakarta\activation\jakarta.activation-api\2.1.3\jakarta.activation-api-2.1.3.jar, C:\Users\work\.m2\repository\org\springframework\spring-core\6.1.13\spring-core-6.1.13.jar, C:\Users\work\.m2\repository\org\springframework\spring-jcl\6.1.13\spring-jcl-6.1.13.jar, C:\Users\work\.m2\repository\org\springdoc\springdoc-openapi-starter-webmvc-ui\2.3.0\springdoc-openapi-starter-webmvc-ui-2.3.0.jar, C:\Users\work\.m2\repository\org\springdoc\springdoc-openapi-starter-webmvc-api\2.3.0\springdoc-openapi-starter-webmvc-api-2.3.0.jar, C:\Users\work\.m2\repository\org\springdoc\springdoc-openapi-starter-common\2.3.0\springdoc-openapi-starter-common-2.3.0.jar, C:\Users\work\.m2\repository\io\swagger\core\v3\swagger-core-jakarta\2.2.19\swagger-core-jakarta-2.2.19.jar, C:\Users\work\.m2\repository\org\apache\commons\commons-lang3\3.13.0\commons-lang3-3.13.0.jar, C:\Users\work\.m2\repository\io\swagger\core\v3\swagger-annotations-jakarta\2.2.19\swagger-annotations-jakarta-2.2.19.jar, C:\Users\work\.m2\repository\io\swagger\core\v3\swagger-models-jakarta\2.2.19\swagger-models-jakarta-2.2.19.jar, C:\Users\work\.m2\repository\jakarta\validation\jakarta.validation-api\3.0.2\jakarta.validation-api-3.0.2.jar, C:\Users\work\.m2\repository\com\fasterxml\jackson\dataformat\jackson-dataformat-yaml\2.15.4\jackson-dataformat-yaml-2.15.4.jar, C:\Users\work\.m2\repository\org\webjars\swagger-ui\5.10.3\swagger-ui-5.10.3.jar, C:\Users\work\.m2\repository\io\jsonwebtoken\jjwt-api\0.12.5\jjwt-api-0.12.5.jar, C:\Users\work\.m2\repository\com\fasterxml\jackson\core\jackson-databind\2.15.4\jackson-databind-2.15.4.jar, C:\Users\work\.m2\repository\com\fasterxml\jackson\core\jackson-annotations\2.15.4\jackson-annotations-2.15.4.jar, C:\Users\work\.m2\repository\com\fasterxml\jackson\core\jackson-core\2.15.4\jackson-core-2.15.4.jar]
[DEBUG]   (f) compileSourceRoots = [D:\WorkSpace\ai\Antigravity\bmad-test\backend\src\main\java]
[DEBUG]   (f) compilerId = javac
[DEBUG]   (f) createMissingPackageInfoClass = true
[DEBUG]   (f) debug = true
[DEBUG]   (f) debugFileName = javac
[DEBUG]   (f) enablePreview = false
[DEBUG]   (f) encoding = UTF-8
[DEBUG]   (f) failOnError = true
[DEBUG]   (f) failOnWarning = false
[DEBUG]   (f) forceJavacCompilerUse = false
[DEBUG]   (f) fork = false
[DEBUG]   (f) generatedSourcesDirectory = D:\WorkSpace\ai\Antigravity\bmad-test\backend\target\generated-sources\annotations
[DEBUG]   (f) mojoExecution = org.apache.maven.plugins:maven-compiler-plugin:3.11.0:compile {execution: default-compile}
[DEBUG]   (f) optimize = false
[DEBUG]   (f) outputDirectory = D:\WorkSpace\ai\Antigravity\bmad-test\backend\target\classes
[DEBUG]   (f) parameters = true
[DEBUG]   (f) project = MavenProject: com.bmad.edge:bmad-edge-gateway:0.0.1-SNAPSHOT @ D:\WorkSpace\ai\Antigravity\bmad-test\backend\pom.xml
[DEBUG]   (f) projectArtifact = com.bmad.edge:bmad-edge-gateway:jar:0.0.1-SNAPSHOT
[DEBUG]   (s) release = 17
[DEBUG]   (f) session = org.apache.maven.execution.MavenSession@2538bc06
[DEBUG]   (f) showCompilationChanges = false
[DEBUG]   (f) showDeprecation = false
[DEBUG]   (f) showWarnings = true
[DEBUG]   (f) skipMultiThreadWarning = false
[DEBUG]   (f) source = 1.8
[DEBUG]   (f) staleMillis = 0
[DEBUG]   (s) target = 1.8
[DEBUG]   (f) useIncrementalCompilation = true
[DEBUG]   (f) verbose = false
[DEBUG] -- end configuration --
[DEBUG] Using compiler 'javac'.
[DEBUG] Adding D:\WorkSpace\ai\Antigravity\bmad-test\backend\target\generated-sources\annotations to compile source roots:
  D:\WorkSpace\ai\Antigravity\bmad-test\backend\src\main\java
[DEBUG] New compile source roots:
  D:\WorkSpace\ai\Antigravity\bmad-test\backend\src\main\java
  D:\WorkSpace\ai\Antigravity\bmad-test\backend\target\generated-sources\annotations
[DEBUG] CompilerReuseStrategy: reuseCreated
[DEBUG] useIncrementalCompilation enabled
[DEBUG] Stale source detected: D:\WorkSpace\ai\Antigravity\bmad-test\backend\src\main\java\com\bmad\edge\service\SseConnectionService.java
[DEBUG] Stale source detected: D:\WorkSpace\ai\Antigravity\bmad-test\backend\src\main\java\com\bmad\edge\controller\DashboardController.java
[INFO] Changes detected - recompiling the module! :source
[DEBUG] Classpath:
[DEBUG]  D:\WorkSpace\ai\Antigravity\bmad-test\backend\target\classes
[DEBUG]  C:\Users\work\.m2\repository\org\springframework\boot\spring-boot-starter-web\3.2.10\spring-boot-starter-web-3.2.10.jar
[DEBUG]  C:\Users\work\.m2\repository\org\springframework\boot\spring-boot-starter\3.2.10\spring-boot-starter-3.2.10.jar
[DEBUG]  C:\Users\work\.m2\repository\org\springframework\boot\spring-boot\3.2.10\spring-boot-3.2.10.jar
[DEBUG]  C:\Users\work\.m2\repository\org\springframework\boot\spring-boot-starter-logging\3.2.10\spring-boot-starter-logging-3.2.10.jar
[DEBUG]  C:\Users\work\.m2\repository\ch\qos\logback\logback-classic\1.4.14\logback-classic-1.4.14.jar
[DEBUG]  C:\Users\work\.m2\repository\ch\qos\logback\logback-core\1.4.14\logback-core-1.4.14.jar
[DEBUG]  C:\Users\work\.m2\repository\org\apache\logging\log4j\log4j-to-slf4j\2.21.1\log4j-to-slf4j-2.21.1.jar
[DEBUG]  C:\Users\work\.m2\repository\org\apache\logging\log4j\log4j-api\2.21.1\log4j-api-2.21.1.jar
[DEBUG]  C:\Users\work\.m2\repository\org\slf4j\jul-to-slf4j\2.0.16\jul-to-slf4j-2.0.16.jar
[DEBUG]  C:\Users\work\.m2\repository\jakarta\annotation\jakarta.annotation-api\2.1.1\jakarta.annotation-api-2.1.1.jar
[DEBUG]  C:\Users\work\.m2\repository\org\yaml\snakeyaml\2.2\snakeyaml-2.2.jar
[DEBUG]  C:\Users\work\.m2\repository\org\springframework\boot\spring-boot-starter-json\3.2.10\spring-boot-starter-json-3.2.10.jar
[DEBUG]  C:\Users\work\.m2\repository\com\fasterxml\jackson\datatype\jackson-datatype-jdk8\2.15.4\jackson-datatype-jdk8-2.15.4.jar
[DEBUG]  C:\Users\work\.m2\repository\com\fasterxml\jackson\datatype\jackson-datatype-jsr310\2.15.4\jackson-datatype-jsr310-2.15.4.jar
[DEBUG]  C:\Users\work\.m2\repository\com\fasterxml\jackson\module\jackson-module-parameter-names\2.15.4\jackson-module-parameter-names-2.15.4.jar
[DEBUG]  C:\Users\work\.m2\repository\org\springframework\boot\spring-boot-starter-tomcat\3.2.10\spring-boot-starter-tomcat-3.2.10.jar
[DEBUG]  C:\Users\work\.m2\repository\org\apache\tomcat\embed\tomcat-embed-core\10.1.30\tomcat-embed-core-10.1.30.jar
[DEBUG]  C:\Users\work\.m2\repository\org\apache\tomcat\embed\tomcat-embed-el\10.1.30\tomcat-embed-el-10.1.30.jar
[DEBUG]  C:\Users\work\.m2\repository\org\apache\tomcat\embed\tomcat-embed-websocket\10.1.30\tomcat-embed-websocket-10.1.30.jar
[DEBUG]  C:\Users\work\.m2\repository\org\springframework\spring-web\6.1.13\spring-web-6.1.13.jar
[DEBUG]  C:\Users\work\.m2\repository\org\springframework\spring-beans\6.1.13\spring-beans-6.1.13.jar
[DEBUG]  C:\Users\work\.m2\repository\org\springframework\spring-webmvc\6.1.13\spring-webmvc-6.1.13.jar
[DEBUG]  C:\Users\work\.m2\repository\org\springframework\spring-context\6.1.13\spring-context-6.1.13.jar
[DEBUG]  C:\Users\work\.m2\repository\org\springframework\spring-expression\6.1.13\spring-expression-6.1.13.jar
[DEBUG]  C:\Users\work\.m2\repository\org\springframework\boot\spring-boot-starter-actuator\3.2.10\spring-boot-starter-actuator-3.2.10.jar
[DEBUG]  C:\Users\work\.m2\repository\org\springframework\boot\spring-boot-actuator-autoconfigure\3.2.10\spring-boot-actuator-autoconfigure-3.2.10.jar
[DEBUG]  C:\Users\work\.m2\repository\org\springframework\boot\spring-boot-actuator\3.2.10\spring-boot-actuator-3.2.10.jar
[DEBUG]  C:\Users\work\.m2\repository\io\micrometer\micrometer-observation\1.12.10\micrometer-observation-1.12.10.jar
[DEBUG]  C:\Users\work\.m2\repository\io\micrometer\micrometer-commons\1.12.10\micrometer-commons-1.12.10.jar
[DEBUG]  C:\Users\work\.m2\repository\io\micrometer\micrometer-jakarta9\1.12.10\micrometer-jakarta9-1.12.10.jar
[DEBUG]  C:\Users\work\.m2\repository\io\micrometer\micrometer-core\1.12.10\micrometer-core-1.12.10.jar
[DEBUG]  C:\Users\work\.m2\repository\org\springframework\boot\spring-boot-starter-security\3.2.10\spring-boot-starter-security-3.2.10.jar
[DEBUG]  C:\Users\work\.m2\repository\org\springframework\spring-aop\6.1.13\spring-aop-6.1.13.jar
[DEBUG]  C:\Users\work\.m2\repository\org\springframework\security\spring-security-config\6.2.6\spring-security-config-6.2.6.jar
[DEBUG]  C:\Users\work\.m2\repository\org\springframework\security\spring-security-core\6.2.6\spring-security-core-6.2.6.jar
[DEBUG]  C:\Users\work\.m2\repository\org\springframework\security\spring-security-crypto\6.2.6\spring-security-crypto-6.2.6.jar
[DEBUG]  C:\Users\work\.m2\repository\org\springframework\security\spring-security-web\6.2.6\spring-security-web-6.2.6.jar
[DEBUG]  C:\Users\work\.m2\repository\org\springframework\boot\spring-boot-starter-data-redis\3.2.10\spring-boot-starter-data-redis-3.2.10.jar
[DEBUG]  C:\Users\work\.m2\repository\io\lettuce\lettuce-core\6.3.2.RELEASE\lettuce-core-6.3.2.RELEASE.jar
[DEBUG]  C:\Users\work\.m2\repository\io\netty\netty-common\4.1.113.Final\netty-common-4.1.113.Final.jar
[DEBUG]  C:\Users\work\.m2\repository\io\netty\netty-handler\4.1.113.Final\netty-handler-4.1.113.Final.jar
[DEBUG]  C:\Users\work\.m2\repository\io\netty\netty-resolver\4.1.113.Final\netty-resolver-4.1.113.Final.jar
[DEBUG]  C:\Users\work\.m2\repository\io\netty\netty-buffer\4.1.113.Final\netty-buffer-4.1.113.Final.jar
[DEBUG]  C:\Users\work\.m2\repository\io\netty\netty-transport-native-unix-common\4.1.113.Final\netty-transport-native-unix-common-4.1.113.Final.jar
[DEBUG]  C:\Users\work\.m2\repository\io\netty\netty-codec\4.1.113.Final\netty-codec-4.1.113.Final.jar
[DEBUG]  C:\Users\work\.m2\repository\io\netty\netty-transport\4.1.113.Final\netty-transport-4.1.113.Final.jar
[DEBUG]  C:\Users\work\.m2\repository\io\projectreactor\reactor-core\3.6.10\reactor-core-3.6.10.jar
[DEBUG]  C:\Users\work\.m2\repository\org\reactivestreams\reactive-streams\1.0.4\reactive-streams-1.0.4.jar
[DEBUG]  C:\Users\work\.m2\repository\org\springframework\data\spring-data-redis\3.2.10\spring-data-redis-3.2.10.jar
[DEBUG]  C:\Users\work\.m2\repository\org\springframework\data\spring-data-keyvalue\3.2.10\spring-data-keyvalue-3.2.10.jar
[DEBUG]  C:\Users\work\.m2\repository\org\springframework\data\spring-data-commons\3.2.10\spring-data-commons-3.2.10.jar
[DEBUG]  C:\Users\work\.m2\repository\org\springframework\spring-tx\6.1.13\spring-tx-6.1.13.jar
[DEBUG]  C:\Users\work\.m2\repository\org\springframework\spring-oxm\6.1.13\spring-oxm-6.1.13.jar
[DEBUG]  C:\Users\work\.m2\repository\org\springframework\spring-context-support\6.1.13\spring-context-support-6.1.13.jar
[DEBUG]  C:\Users\work\.m2\repository\org\slf4j\slf4j-api\2.0.16\slf4j-api-2.0.16.jar
[DEBUG]  C:\Users\work\.m2\repository\com\baomidou\mybatis-plus-spring-boot3-starter\3.5.5\mybatis-plus-spring-boot3-starter-3.5.5.jar
[DEBUG]  C:\Users\work\.m2\repository\com\baomidou\mybatis-plus\3.5.5\mybatis-plus-3.5.5.jar
[DEBUG]  C:\Users\work\.m2\repository\com\baomidou\mybatis-plus-core\3.5.5\mybatis-plus-core-3.5.5.jar
[DEBUG]  C:\Users\work\.m2\repository\com\baomidou\mybatis-plus-annotation\3.5.5\mybatis-plus-annotation-3.5.5.jar
[DEBUG]  C:\Users\work\.m2\repository\com\baomidou\mybatis-plus-extension\3.5.5\mybatis-plus-extension-3.5.5.jar
[DEBUG]  C:\Users\work\.m2\repository\org\mybatis\mybatis\3.5.15\mybatis-3.5.15.jar
[DEBUG]  C:\Users\work\.m2\repository\com\github\jsqlparser\jsqlparser\4.6\jsqlparser-4.6.jar
[DEBUG]  C:\Users\work\.m2\repository\org\mybatis\mybatis-spring\3.0.3\mybatis-spring-3.0.3.jar
[DEBUG]  C:\Users\work\.m2\repository\com\baomidou\mybatis-plus-spring-boot-autoconfigure\3.5.5\mybatis-plus-spring-boot-autoconfigure-3.5.5.jar
[DEBUG]  C:\Users\work\.m2\repository\org\springframework\boot\spring-boot-autoconfigure\3.2.10\spring-boot-autoconfigure-3.2.10.jar
[DEBUG]  C:\Users\work\.m2\repository\org\springframework\boot\spring-boot-starter-jdbc\3.2.10\spring-boot-starter-jdbc-3.2.10.jar
[DEBUG]  C:\Users\work\.m2\repository\com\zaxxer\HikariCP\5.0.1\HikariCP-5.0.1.jar
[DEBUG]  C:\Users\work\.m2\repository\org\springframework\spring-jdbc\6.1.13\spring-jdbc-6.1.13.jar
[DEBUG]  C:\Users\work\.m2\repository\org\projectlombok\lombok\1.18.34\lombok-1.18.34.jar
[DEBUG]  C:\Users\work\.m2\repository\jakarta\xml\bind\jakarta.xml.bind-api\4.0.2\jakarta.xml.bind-api-4.0.2.jar
[DEBUG]  C:\Users\work\.m2\repository\jakarta\activation\jakarta.activation-api\2.1.3\jakarta.activation-api-2.1.3.jar
[DEBUG]  C:\Users\work\.m2\repository\org\springframework\spring-core\6.1.13\spring-core-6.1.13.jar
[DEBUG]  C:\Users\work\.m2\repository\org\springframework\spring-jcl\6.1.13\spring-jcl-6.1.13.jar
[DEBUG]  C:\Users\work\.m2\repository\org\springdoc\springdoc-openapi-starter-webmvc-ui\2.3.0\springdoc-openapi-starter-webmvc-ui-2.3.0.jar
[DEBUG]  C:\Users\work\.m2\repository\org\springdoc\springdoc-openapi-starter-webmvc-api\2.3.0\springdoc-openapi-starter-webmvc-api-2.3.0.jar
[DEBUG]  C:\Users\work\.m2\repository\org\springdoc\springdoc-openapi-starter-common\2.3.0\springdoc-openapi-starter-common-2.3.0.jar
[DEBUG]  C:\Users\work\.m2\repository\io\swagger\core\v3\swagger-core-jakarta\2.2.19\swagger-core-jakarta-2.2.19.jar
[DEBUG]  C:\Users\work\.m2\repository\org\apache\commons\commons-lang3\3.13.0\commons-lang3-3.13.0.jar
[DEBUG]  C:\Users\work\.m2\repository\io\swagger\core\v3\swagger-annotations-jakarta\2.2.19\swagger-annotations-jakarta-2.2.19.jar
[DEBUG]  C:\Users\work\.m2\repository\io\swagger\core\v3\swagger-models-jakarta\2.2.19\swagger-models-jakarta-2.2.19.jar
[DEBUG]  C:\Users\work\.m2\repository\jakarta\validation\jakarta.validation-api\3.0.2\jakarta.validation-api-3.0.2.jar
[DEBUG]  C:\Users\work\.m2\repository\com\fasterxml\jackson\dataformat\jackson-dataformat-yaml\2.15.4\jackson-dataformat-yaml-2.15.4.jar
[DEBUG]  C:\Users\work\.m2\repository\org\webjars\swagger-ui\5.10.3\swagger-ui-5.10.3.jar
[DEBUG]  C:\Users\work\.m2\repository\io\jsonwebtoken\jjwt-api\0.12.5\jjwt-api-0.12.5.jar
[DEBUG]  C:\Users\work\.m2\repository\com\fasterxml\jackson\core\jackson-databind\2.15.4\jackson-databind-2.15.4.jar
[DEBUG]  C:\Users\work\.m2\repository\com\fasterxml\jackson\core\jackson-annotations\2.15.4\jackson-annotations-2.15.4.jar
[DEBUG]  C:\Users\work\.m2\repository\com\fasterxml\jackson\core\jackson-core\2.15.4\jackson-core-2.15.4.jar
[DEBUG] Source roots:
[DEBUG]  D:\WorkSpace\ai\Antigravity\bmad-test\backend\src\main\java
[DEBUG]  D:\WorkSpace\ai\Antigravity\bmad-test\backend\target\generated-sources\annotations
[DEBUG] Command line options:
[DEBUG] -d D:\WorkSpace\ai\Antigravity\bmad-test\backend\target\classes -classpath D:\WorkSpace\ai\Antigravity\bmad-test\backend\target\classes;C:\Users\work\.m2\repository\org\springframework\boot\spring-boot-starter-web\3.2.10\spring-boot-starter-web-3.2.10.jar;C:\Users\work\.m2\repository\org\springframework\boot\spring-boot-starter\3.2.10\spring-boot-starter-3.2.10.jar;C:\Users\work\.m2\repository\org\springframework\boot\spring-boot\3.2.10\spring-boot-3.2.10.jar;C:\Users\work\.m2\repository\org\springframework\boot\spring-boot-starter-logging\3.2.10\spring-boot-starter-logging-3.2.10.jar;C:\Users\work\.m2\repository\ch\qos\logback\logback-classic\1.4.14\logback-classic-1.4.14.jar;C:\Users\work\.m2\repository\ch\qos\logback\logback-core\1.4.14\logback-core-1.4.14.jar;C:\Users\work\.m2\repository\org\apache\logging\log4j\log4j-to-slf4j\2.21.1\log4j-to-slf4j-2.21.1.jar;C:\Users\work\.m2\repository\org\apache\logging\log4j\log4j-api\2.21.1\log4j-api-2.21.1.jar;C:\Users\work\.m2\repository\org\slf4j\jul-to-slf4j\2.0.16\jul-to-slf4j-2.0.16.jar;C:\Users\work\.m2\repository\jakarta\annotation\jakarta.annotation-api\2.1.1\jakarta.annotation-api-2.1.1.jar;C:\Users\work\.m2\repository\org\yaml\snakeyaml\2.2\snakeyaml-2.2.jar;C:\Users\work\.m2\repository\org\springframework\boot\spring-boot-starter-json\3.2.10\spring-boot-starter-json-3.2.10.jar;C:\Users\work\.m2\repository\com\fasterxml\jackson\datatype\jackson-datatype-jdk8\2.15.4\jackson-datatype-jdk8-2.15.4.jar;C:\Users\work\.m2\repository\com\fasterxml\jackson\datatype\jackson-datatype-jsr310\2.15.4\jackson-datatype-jsr310-2.15.4.jar;C:\Users\work\.m2\repository\com\fasterxml\jackson\module\jackson-module-parameter-names\2.15.4\jackson-module-parameter-names-2.15.4.jar;C:\Users\work\.m2\repository\org\springframework\boot\spring-boot-starter-tomcat\3.2.10\spring-boot-starter-tomcat-3.2.10.jar;C:\Users\work\.m2\repository\org\apache\tomcat\embed\tomcat-embed-core\10.1.30\tomcat-embed-core-10.1.30.jar;C:\Users\work\.m2\repository\org\apache\tomcat\embed\tomcat-embed-el\10.1.30\tomcat-embed-el-10.1.30.jar;C:\Users\work\.m2\repository\org\apache\tomcat\embed\tomcat-embed-websocket\10.1.30\tomcat-embed-websocket-10.1.30.jar;C:\Users\work\.m2\repository\org\springframework\spring-web\6.1.13\spring-web-6.1.13.jar;C:\Users\work\.m2\repository\org\springframework\spring-beans\6.1.13\spring-beans-6.1.13.jar;C:\Users\work\.m2\repository\org\springframework\spring-webmvc\6.1.13\spring-webmvc-6.1.13.jar;C:\Users\work\.m2\repository\org\springframework\spring-context\6.1.13\spring-context-6.1.13.jar;C:\Users\work\.m2\repository\org\springframework\spring-expression\6.1.13\spring-expression-6.1.13.jar;C:\Users\work\.m2\repository\org\springframework\boot\spring-boot-starter-actuator\3.2.10\spring-boot-starter-actuator-3.2.10.jar;C:\Users\work\.m2\repository\org\springframework\boot\spring-boot-actuator-autoconfigure\3.2.10\spring-boot-actuator-autoconfigure-3.2.10.jar;C:\Users\work\.m2\repository\org\springframework\boot\spring-boot-actuator\3.2.10\spring-boot-actuator-3.2.10.jar;C:\Users\work\.m2\repository\io\micrometer\micrometer-observation\1.12.10\micrometer-observation-1.12.10.jar;C:\Users\work\.m2\repository\io\micrometer\micrometer-commons\1.12.10\micrometer-commons-1.12.10.jar;C:\Users\work\.m2\repository\io\micrometer\micrometer-jakarta9\1.12.10\micrometer-jakarta9-1.12.10.jar;C:\Users\work\.m2\repository\io\micrometer\micrometer-core\1.12.10\micrometer-core-1.12.10.jar;C:\Users\work\.m2\repository\org\springframework\boot\spring-boot-starter-security\3.2.10\spring-boot-starter-security-3.2.10.jar;C:\Users\work\.m2\repository\org\springframework\spring-aop\6.1.13\spring-aop-6.1.13.jar;C:\Users\work\.m2\repository\org\springframework\security\spring-security-config\6.2.6\spring-security-config-6.2.6.jar;C:\Users\work\.m2\repository\org\springframework\security\spring-security-core\6.2.6\spring-security-core-6.2.6.jar;C:\Users\work\.m2\repository\org\springframework\security\spring-security-crypto\6.2.6\spring-security-crypto-6.2.6.jar;C:\Users\work\.m2\repository\org\springframework\security\spring-security-web\6.2.6\spring-security-web-6.2.6.jar;C:\Users\work\.m2\repository\org\springframework\boot\spring-boot-starter-data-redis\3.2.10\spring-boot-starter-data-redis-3.2.10.jar;C:\Users\work\.m2\repository\io\lettuce\lettuce-core\6.3.2.RELEASE\lettuce-core-6.3.2.RELEASE.jar;C:\Users\work\.m2\repository\io\netty\netty-common\4.1.113.Final\netty-common-4.1.113.Final.jar;C:\Users\work\.m2\repository\io\netty\netty-handler\4.1.113.Final\netty-handler-4.1.113.Final.jar;C:\Users\work\.m2\repository\io\netty\netty-resolver\4.1.113.Final\netty-resolver-4.1.113.Final.jar;C:\Users\work\.m2\repository\io\netty\netty-buffer\4.1.113.Final\netty-buffer-4.1.113.Final.jar;C:\Users\work\.m2\repository\io\netty\netty-transport-native-unix-common\4.1.113.Final\netty-transport-native-unix-common-4.1.113.Final.jar;C:\Users\work\.m2\repository\io\netty\netty-codec\4.1.113.Final\netty-codec-4.1.113.Final.jar;C:\Users\work\.m2\repository\io\netty\netty-transport\4.1.113.Final\netty-transport-4.1.113.Final.jar;C:\Users\work\.m2\repository\io\projectreactor\reactor-core\3.6.10\reactor-core-3.6.10.jar;C:\Users\work\.m2\repository\org\reactivestreams\reactive-streams\1.0.4\reactive-streams-1.0.4.jar;C:\Users\work\.m2\repository\org\springframework\data\spring-data-redis\3.2.10\spring-data-redis-3.2.10.jar;C:\Users\work\.m2\repository\org\springframework\data\spring-data-keyvalue\3.2.10\spring-data-keyvalue-3.2.10.jar;C:\Users\work\.m2\repository\org\springframework\data\spring-data-commons\3.2.10\spring-data-commons-3.2.10.jar;C:\Users\work\.m2\repository\org\springframework\spring-tx\6.1.13\spring-tx-6.1.13.jar;C:\Users\work\.m2\repository\org\springframework\spring-oxm\6.1.13\spring-oxm-6.1.13.jar;C:\Users\work\.m2\repository\org\springframework\spring-context-support\6.1.13\spring-context-support-6.1.13.jar;C:\Users\work\.m2\repository\org\slf4j\slf4j-api\2.0.16\slf4j-api-2.0.16.jar;C:\Users\work\.m2\repository\com\baomidou\mybatis-plus-spring-boot3-starter\3.5.5\mybatis-plus-spring-boot3-starter-3.5.5.jar;C:\Users\work\.m2\repository\com\baomidou\mybatis-plus\3.5.5\mybatis-plus-3.5.5.jar;C:\Users\work\.m2\repository\com\baomidou\mybatis-plus-core\3.5.5\mybatis-plus-core-3.5.5.jar;C:\Users\work\.m2\repository\com\baomidou\mybatis-plus-annotation\3.5.5\mybatis-plus-annotation-3.5.5.jar;C:\Users\work\.m2\repository\com\baomidou\mybatis-plus-extension\3.5.5\mybatis-plus-extension-3.5.5.jar;C:\Users\work\.m2\repository\org\mybatis\mybatis\3.5.15\mybatis-3.5.15.jar;C:\Users\work\.m2\repository\com\github\jsqlparser\jsqlparser\4.6\jsqlparser-4.6.jar;C:\Users\work\.m2\repository\org\mybatis\mybatis-spring\3.0.3\mybatis-spring-3.0.3.jar;C:\Users\work\.m2\repository\com\baomidou\mybatis-plus-spring-boot-autoconfigure\3.5.5\mybatis-plus-spring-boot-autoconfigure-3.5.5.jar;C:\Users\work\.m2\repository\org\springframework\boot\spring-boot-autoconfigure\3.2.10\spring-boot-autoconfigure-3.2.10.jar;C:\Users\work\.m2\repository\org\springframework\boot\spring-boot-starter-jdbc\3.2.10\spring-boot-starter-jdbc-3.2.10.jar;C:\Users\work\.m2\repository\com\zaxxer\HikariCP\5.0.1\HikariCP-5.0.1.jar;C:\Users\work\.m2\repository\org\springframework\spring-jdbc\6.1.13\spring-jdbc-6.1.13.jar;C:\Users\work\.m2\repository\org\projectlombok\lombok\1.18.34\lombok-1.18.34.jar;C:\Users\work\.m2\repository\jakarta\xml\bind\jakarta.xml.bind-api\4.0.2\jakarta.xml.bind-api-4.0.2.jar;C:\Users\work\.m2\repository\jakarta\activation\jakarta.activation-api\2.1.3\jakarta.activation-api-2.1.3.jar;C:\Users\work\.m2\repository\org\springframework\spring-core\6.1.13\spring-core-6.1.13.jar;C:\Users\work\.m2\repository\org\springframework\spring-jcl\6.1.13\spring-jcl-6.1.13.jar;C:\Users\work\.m2\repository\org\springdoc\springdoc-openapi-starter-webmvc-ui\2.3.0\springdoc-openapi-starter-webmvc-ui-2.3.0.jar;C:\Users\work\.m2\repository\org\springdoc\springdoc-openapi-starter-webmvc-api\2.3.0\springdoc-openapi-starter-webmvc-api-2.3.0.jar;C:\Users\work\.m2\repository\org\springdoc\springdoc-openapi-starter-common\2.3.0\springdoc-openapi-starter-common-2.3.0.jar;C:\Users\work\.m2\repository\io\swagger\core\v3\swagger-core-jakarta\2.2.19\swagger-core-jakarta-2.2.19.jar;C:\Users\work\.m2\repository\org\apache\commons\commons-lang3\3.13.0\commons-lang3-3.13.0.jar;C:\Users\work\.m2\repository\io\swagger\core\v3\swagger-annotations-jakarta\2.2.19\swagger-annotations-jakarta-2.2.19.jar;C:\Users\work\.m2\repository\io\swagger\core\v3\swagger-models-jakarta\2.2.19\swagger-models-jakarta-2.2.19.jar;C:\Users\work\.m2\repository\jakarta\validation\jakarta.validation-api\3.0.2\jakarta.validation-api-3.0.2.jar;C:\Users\work\.m2\repository\com\fasterxml\jackson\dataformat\jackson-dataformat-yaml\2.15.4\jackson-dataformat-yaml-2.15.4.jar;C:\Users\work\.m2\repository\org\webjars\swagger-ui\5.10.3\swagger-ui-5.10.3.jar;C:\Users\work\.m2\repository\io\jsonwebtoken\jjwt-api\0.12.5\jjwt-api-0.12.5.jar;C:\Users\work\.m2\repository\com\fasterxml\jackson\core\jackson-databind\2.15.4\jackson-databind-2.15.4.jar;C:\Users\work\.m2\repository\com\fasterxml\jackson\core\jackson-annotations\2.15.4\jackson-annotations-2.15.4.jar;C:\Users\work\.m2\repository\com\fasterxml\jackson\core\jackson-core\2.15.4\jackson-core-2.15.4.jar; -sourcepath D:\WorkSpace\ai\Antigravity\bmad-test\backend\src\main\java;D:\WorkSpace\ai\Antigravity\bmad-test\backend\target\generated-sources\annotations; -s D:\WorkSpace\ai\Antigravity\bmad-test\backend\target\generated-sources\annotations -g -parameters --release 17 -encoding UTF-8
[DEBUG] incrementalBuildHelper#beforeRebuildExecution
[INFO] Compiling 23 source files with javac [debug release 17] to target\classes
[DEBUG] incrementalBuildHelper#afterRebuildExecution
[INFO] ------------------------------------------------------------------------
[INFO] BUILD SUCCESS
[INFO] ------------------------------------------------------------------------
[INFO] Total time:  10.759 s
[INFO] Finished at: 2026-03-04T00:17:24+08:00
[INFO] ------------------------------------------------------------------------
[DEBUG] Shutting down adapter factory; available factories [file-lock, rwlock-local, semaphore-local, noop]; available name mappers [discriminating, file-gaecv, file-gav, file-hgaecv, file-hgav, file-static, gaecv, gav, static]
[DEBUG] Shutting down 'file-lock' factory
[DEBUG] Shutting down 'rwlock-local' factory
[DEBUG] Shutting down 'semaphore-local' factory
[DEBUG] Shutting down 'noop' factory
